Archive member included to satisfy reference by file (symbol)

C:/ST/STM32CubeIDE_1.14.0/STM32CubeIDE/plugins/com.st.stm32cube.ide.mcu.externaltools.gnu-tools-for-stm32.11.3.rel1.win32_1.1.100.202309141235/tools/bin/../lib/gcc/arm-none-eabi/11.3.1/../../../../arm-none-eabi/lib/thumb/v7e-m+fp/hard\libc_nano.a(libc_a-exit.o)
                              C:/ST/STM32CubeIDE_1.14.0/STM32CubeIDE/plugins/com.st.stm32cube.ide.mcu.externaltools.gnu-tools-for-stm32.11.3.rel1.win32_1.1.100.202309141235/tools/bin/../lib/gcc/arm-none-eabi/11.3.1/../../../../arm-none-eabi/lib/thumb/v7e-m+fp/hard/crt0.o (exit)
C:/ST/STM32CubeIDE_1.14.0/STM32CubeIDE/plugins/com.st.stm32cube.ide.mcu.externaltools.gnu-tools-for-stm32.11.3.rel1.win32_1.1.100.202309141235/tools/bin/../lib/gcc/arm-none-eabi/11.3.1/../../../../arm-none-eabi/lib/thumb/v7e-m+fp/hard\libc_nano.a(libc_a-findfp.o)
                              C:/ST/STM32CubeIDE_1.14.0/STM32CubeIDE/plugins/com.st.stm32cube.ide.mcu.externaltools.gnu-tools-for-stm32.11.3.rel1.win32_1.1.100.202309141235/tools/bin/../lib/gcc/arm-none-eabi/11.3.1/../../../../arm-none-eabi/lib/thumb/v7e-m+fp/hard\libc_nano.a(libc_a-exit.o) (__stdio_exit_handler)
C:/ST/STM32CubeIDE_1.14.0/STM32CubeIDE/plugins/com.st.stm32cube.ide.mcu.externaltools.gnu-tools-for-stm32.11.3.rel1.win32_1.1.100.202309141235/tools/bin/../lib/gcc/arm-none-eabi/11.3.1/../../../../arm-none-eabi/lib/thumb/v7e-m+fp/hard\libc_nano.a(libc_a-fwalk.o)
                              C:/ST/STM32CubeIDE_1.14.0/STM32CubeIDE/plugins/com.st.stm32cube.ide.mcu.externaltools.gnu-tools-for-stm32.11.3.rel1.win32_1.1.100.202309141235/tools/bin/../lib/gcc/arm-none-eabi/11.3.1/../../../../arm-none-eabi/lib/thumb/v7e-m+fp/hard\libc_nano.a(libc_a-findfp.o) (_fwalk_sglue)
C:/ST/STM32CubeIDE_1.14.0/STM32CubeIDE/plugins/com.st.stm32cube.ide.mcu.externaltools.gnu-tools-for-stm32.11.3.rel1.win32_1.1.100.202309141235/tools/bin/../lib/gcc/arm-none-eabi/11.3.1/../../../../arm-none-eabi/lib/thumb/v7e-m+fp/hard\libc_nano.a(libc_a-stdio.o)
                              C:/ST/STM32CubeIDE_1.14.0/STM32CubeIDE/plugins/com.st.stm32cube.ide.mcu.externaltools.gnu-tools-for-stm32.11.3.rel1.win32_1.1.100.202309141235/tools/bin/../lib/gcc/arm-none-eabi/11.3.1/../../../../arm-none-eabi/lib/thumb/v7e-m+fp/hard\libc_nano.a(libc_a-findfp.o) (__sread)
C:/ST/STM32CubeIDE_1.14.0/STM32CubeIDE/plugins/com.st.stm32cube.ide.mcu.externaltools.gnu-tools-for-stm32.11.3.rel1.win32_1.1.100.202309141235/tools/bin/../lib/gcc/arm-none-eabi/11.3.1/../../../../arm-none-eabi/lib/thumb/v7e-m+fp/hard\libc_nano.a(libc_a-vsprintf.o)
                              ./Core/Src/Bootloader_Program.o (vsprintf)
C:/ST/STM32CubeIDE_1.14.0/STM32CubeIDE/plugins/com.st.stm32cube.ide.mcu.externaltools.gnu-tools-for-stm32.11.3.rel1.win32_1.1.100.202309141235/tools/bin/../lib/gcc/arm-none-eabi/11.3.1/../../../../arm-none-eabi/lib/thumb/v7e-m+fp/hard\libc_nano.a(libc_a-memset.o)
                              C:/ST/STM32CubeIDE_1.14.0/STM32CubeIDE/plugins/com.st.stm32cube.ide.mcu.externaltools.gnu-tools-for-stm32.11.3.rel1.win32_1.1.100.202309141235/tools/bin/../lib/gcc/arm-none-eabi/11.3.1/../../../../arm-none-eabi/lib/thumb/v7e-m+fp/hard/crt0.o (memset)
C:/ST/STM32CubeIDE_1.14.0/STM32CubeIDE/plugins/com.st.stm32cube.ide.mcu.externaltools.gnu-tools-for-stm32.11.3.rel1.win32_1.1.100.202309141235/tools/bin/../lib/gcc/arm-none-eabi/11.3.1/../../../../arm-none-eabi/lib/thumb/v7e-m+fp/hard\libc_nano.a(libc_a-closer.o)
                              C:/ST/STM32CubeIDE_1.14.0/STM32CubeIDE/plugins/com.st.stm32cube.ide.mcu.externaltools.gnu-tools-for-stm32.11.3.rel1.win32_1.1.100.202309141235/tools/bin/../lib/gcc/arm-none-eabi/11.3.1/../../../../arm-none-eabi/lib/thumb/v7e-m+fp/hard\libc_nano.a(libc_a-stdio.o) (_close_r)
C:/ST/STM32CubeIDE_1.14.0/STM32CubeIDE/plugins/com.st.stm32cube.ide.mcu.externaltools.gnu-tools-for-stm32.11.3.rel1.win32_1.1.100.202309141235/tools/bin/../lib/gcc/arm-none-eabi/11.3.1/../../../../arm-none-eabi/lib/thumb/v7e-m+fp/hard\libc_nano.a(libc_a-reent.o)
                              C:/ST/STM32CubeIDE_1.14.0/STM32CubeIDE/plugins/com.st.stm32cube.ide.mcu.externaltools.gnu-tools-for-stm32.11.3.rel1.win32_1.1.100.202309141235/tools/bin/../lib/gcc/arm-none-eabi/11.3.1/../../../../arm-none-eabi/lib/thumb/v7e-m+fp/hard\libc_nano.a(libc_a-closer.o) (errno)
C:/ST/STM32CubeIDE_1.14.0/STM32CubeIDE/plugins/com.st.stm32cube.ide.mcu.externaltools.gnu-tools-for-stm32.11.3.rel1.win32_1.1.100.202309141235/tools/bin/../lib/gcc/arm-none-eabi/11.3.1/../../../../arm-none-eabi/lib/thumb/v7e-m+fp/hard\libc_nano.a(libc_a-impure.o)
                              C:/ST/STM32CubeIDE_1.14.0/STM32CubeIDE/plugins/com.st.stm32cube.ide.mcu.externaltools.gnu-tools-for-stm32.11.3.rel1.win32_1.1.100.202309141235/tools/bin/../lib/gcc/arm-none-eabi/11.3.1/../../../../arm-none-eabi/lib/thumb/v7e-m+fp/hard\libc_nano.a(libc_a-vsprintf.o) (_impure_ptr)
[...]
Memory Configuration

Name             Origin             Length             Attributes
RAM              0x0000000020000000 0x0000000000010000 xrw
FLASH            0x0000000008000000 0x0000000000040000 xr
*default*        0x0000000000000000 0xffffffffffffffff

Linker script and memory map

LOAD C:/ST/STM32CubeIDE_1.14.0/STM32CubeIDE/plugins/com.st.stm32cube.ide.mcu.externaltools.gnu-tools-for-stm32.11.3.rel1.win32_1.1.100.202309141235/tools/bin/../lib/gcc/arm-none-eabi/11.3.1/thumb/v7e-m+fp/hard/crti.o
LOAD C:/ST/STM32CubeIDE_1.14.0/STM32CubeIDE/plugins/com.st.stm32cube.ide.mcu.externaltools.gnu-tools-for-stm32.11.3.rel1.win32_1.1.100.202309141235/tools/bin/../lib/gcc/arm-none-eabi/11.3.1/thumb/v7e-m+fp/hard/crtbegin.o
LOAD C:/ST/STM32CubeIDE_1.14.0/STM32CubeIDE/plugins/com.st.stm32cube.ide.mcu.externaltools.gnu-tools-for-stm32.11.3.rel1.win32_1.1.100.202309141235/tools/bin/../lib/gcc/arm-none-eabi/11.3.1/../../../../arm-none-eabi/lib/thumb/v7e-m+fp/hard/crt0.o
LOAD ./Core/Src/Bootloader_Program.o
LOAD ./Core/Src/crc.o
LOAD ./Core/Src/gpio.o
LOAD ./Core/Src/main.o
LOAD ./Core/Src/stm32f4xx_hal_msp.o
LOAD ./Core/Src/stm32f4xx_it.o
LOAD ./Core/Src/syscalls.o
LOAD ./Core/Src/sysmem.o
LOAD ./Core/Src/system_stm32f4xx.o
LOAD ./Core/Src/usart.o
LOAD ./Core/Startup/startup_stm32f401ccux.o
LOAD ./Drivers/STM32F4xx_HAL_Driver/Src/stm32f4xx_hal.o
LOAD ./Drivers/STM32F4xx_HAL_Driver/Src/stm32f4xx_hal_cortex.o
LOAD ./Drivers/STM32F4xx_HAL_Driver/Src/stm32f4xx_hal_crc.o
LOAD ./Drivers/STM32F4xx_HAL_Driver/Src/stm32f4xx_hal_dma.o
LOAD ./Drivers/STM32F4xx_HAL_Driver/Src/stm32f4xx_hal_dma_ex.o
LOAD ./Drivers/STM32F4xx_HAL_Driver/Src/stm32f4xx_hal_exti.o
LOAD ./Drivers/STM32F4xx_HAL_Driver/Src/stm32f4xx_hal_flash.o
LOAD ./Drivers/STM32F4xx_HAL_Driver/Src/stm32f4xx_hal_flash_ex.o
LOAD ./Drivers/STM32F4xx_HAL_Driver/Src/stm32f4xx_hal_flash_ramfunc.o
LOAD ./Drivers/STM32F4xx_HAL_Driver/Src/stm32f4xx_hal_gpio.o
LOAD ./Drivers/STM32F4xx_HAL_Driver/Src/stm32f4xx_hal_pwr.o
LOAD ./Drivers/STM32F4xx_HAL_Driver/Src/stm32f4xx_hal_pwr_ex.o
LOAD ./Drivers/STM32F4xx_HAL_Driver/Src/stm32f4xx_hal_rcc.o
LOAD ./Drivers/STM32F4xx_HAL_Driver/Src/stm32f4xx_hal_rcc_ex.o
LOAD ./Drivers/STM32F4xx_HAL_Driver/Src/stm32f4xx_hal_tim.o
LOAD ./Drivers/STM32F4xx_HAL_Driver/Src/stm32f4xx_hal_tim_ex.o
LOAD ./Drivers/STM32F4xx_HAL_Driver/Src/stm32f4xx_hal_uart.o
START GROUP
LOAD C:/ST/STM32CubeIDE_1.14.0/STM32CubeIDE/plugins/com.st.stm32cube.ide.mcu.externaltools.gnu-tools-for-stm32.11.3.rel1.win32_1.1.100.202309141235/tools/bin/../lib/gcc/arm-none-eabi/11.3.1/../../../../arm-none-eabi/lib/thumb/v7e-m+fp/hard\libc_nano.a
LOAD C:/ST/STM32CubeIDE_1.14.0/STM32CubeIDE/plugins/com.st.stm32cube.ide.mcu.externaltools.gnu-tools-for-stm32.11.3.rel1.win32_1.1.100.202309141235/tools/bin/../lib/gcc/arm-none-eabi/11.3.1/../../../../arm-none-eabi/lib/thumb/v7e-m+fp/hard\libm.a
END GROUP
START GROUP
LOAD C:/ST/STM32CubeIDE_1.14.0/STM32CubeIDE/plugins/com.st.stm32cube.ide.mcu.externaltools.gnu-tools-for-stm32.11.3.rel1.win32_1.1.100.202309141235/tools/bin/../lib/gcc/arm-none-eabi/11.3.1/thumb/v7e-m+fp/hard\libgcc.a
LOAD C:/ST/STM32CubeIDE_1.14.0/STM32CubeIDE/plugins/com.st.stm32cube.ide.mcu.externaltools.gnu-tools-for-stm32.11.3.rel1.win32_1.1.100.202309141235/tools/bin/../lib/gcc/arm-none-eabi/11.3.1/../../../../arm-none-eabi/lib/thumb/v7e-m+fp/hard\libc_nano.a
END GROUP
START GROUP
LOAD C:/ST/STM32CubeIDE_1.14.0/STM32CubeIDE/plugins/com.st.stm32cube.ide.mcu.externaltools.gnu-tools-for-stm32.11.3.rel1.win32_1.1.100.202309141235/tools/bin/../lib/gcc/arm-none-eabi/11.3.1/thumb/v7e-m+fp/hard\libgcc.a
LOAD C:/ST/STM32CubeIDE_1.14.0/STM32CubeIDE/plugins/com.st.stm32cube.ide.mcu.externaltools.gnu-tools-for-stm32.11.3.rel1.win32_1.1.100.202309141235/tools/bin/../lib/gcc/arm-none-eabi/11.3.1/../../../../arm-none-eabi/lib/thumb/v7e-m+fp/hard\libc_nano.a
LOAD C:/ST/STM32CubeIDE_1.14.0/STM32CubeIDE/plugins/com.st.stm32cube.ide.mcu.externaltools.gnu-tools-for-stm32.11.3.rel1.win32_1.1.100.202309141235/tools/bin/../lib/gcc/arm-none-eabi/11.3.1/../../../../arm-none-eabi/lib/thumb/v7e-m+fp/hard\libnosys.a
END GROUP
START GROUP
LOAD C:/ST/STM32CubeIDE_1.14.0/STM32CubeIDE/plugins/com.st.stm32cube.ide.mcu.externaltools.gnu-tools-for-stm32.11.3.rel1.win32_1.1.100.202309141235/tools/bin/../lib/gcc/arm-none-eabi/11.3.1/thumb/v7e-m+fp/hard\libgcc.a
LOAD C:/ST/STM32CubeIDE_1.14.0/STM32CubeIDE/plugins/com.st.stm32cube.ide.mcu.externaltools.gnu-tools-for-stm32.11.3.rel1.win32_1.1.100.202309141235/tools/bin/../lib/gcc/arm-none-eabi/11.3.1/../../../../arm-none-eabi/lib/thumb/v7e-m+fp/hard\libc_nano.a
LOAD C:/ST/STM32CubeIDE_1.14.0/STM32CubeIDE/plugins/com.st.stm32cube.ide.mcu.externaltools.gnu-tools-for-stm32.11.3.rel1.win32_1.1.100.202309141235/tools/bin/../lib/gcc/arm-none-eabi/11.3.1/../../../../arm-none-eabi/lib/thumb/v7e-m+fp/hard\libnosys.a
END GROUP
LOAD C:/ST/STM32CubeIDE_1.14.0/STM32CubeIDE/plugins/com.st.stm32cube.ide.mcu.externaltools.gnu-tools-for-stm32.11.3.rel1.win32_1.1.100.202309141235/tools/bin/../lib/gcc/arm-none-eabi/11.3.1/thumb/v7e-m+fp/hard/crtend.o
LOAD C:/ST/STM32CubeIDE_1.14.0/STM32CubeIDE/plugins/com.st.stm32cube.ide.mcu.externaltools.gnu-tools-for-stm32.11.3.rel1.win32_1.1.100.202309141235/tools/bin/../lib/gcc/arm-none-eabi/11.3.1/thumb/v7e-m+fp/hard/crtn.o
                0x0000000020010000                _estack = (ORIGIN (RAM) + LENGTH (RAM))
                0x0000000000000200                _Min_Heap_Size = 0x200
                0x0000000000000400                _Min_Stack_Size = 0x400

.isr_vector     0x0000000008000000      0x194
                0x0000000008000000                . = ALIGN (0x4)
 *(.isr_vector)
 .isr_vector    0x0000000008000000      0x194 ./Core/Startup/startup_stm32f401ccux.o
                0x0000000008000000                g_pfnVectors
                0x0000000008000194                . = ALIGN (0x4)

.text           0x0000000008000194     0x2f90
                0x0000000008000194                . = ALIGN (0x4)
 *(.text)
 .text          0x0000000008000194       0x40 C:/ST/STM32CubeIDE_1.14.0/STM32CubeIDE/plugins/com.st.stm32cube.ide.mcu.externaltools.gnu-tools-for-stm32.11.3.rel1.win32_1.1.100.202309141235/tools/bin/../lib/gcc/arm-none-eabi/11.3.1/thumb/v7e-m+fp/hard/crtbegin.o
 .text          0x00000000080001d4       0x30 C:/ST/STM32CubeIDE_1.14.0/STM32CubeIDE/plugins/com.st.stm32cube.ide.mcu.externaltools.gnu-tools-for-stm32.11.3.rel1.win32_1.1.100.202309141235/tools/bin/../lib/gcc/arm-none-eabi/11.3.1/thumb/v7e-m+fp/hard\libgcc.a(_aeabi_uldivmod.o)
                0x00000000080001d4                __aeabi_uldivmod
 .text          0x0000000008000204      0x2c8 C:/ST/STM32CubeIDE_1.14.0/STM32CubeIDE/plugins/com.st.stm32cube.ide.mcu.externaltools.gnu-tools-for-stm32.11.3.rel1.win32_1.1.100.202309141235/tools/bin/../lib/gcc/arm-none-eabi/11.3.1/thumb/v7e-m+fp/hard\libgcc.a(_udivmoddi4.o)
                0x0000000008000204                __udivmoddi4
 .text          0x00000000080004cc        0x4 C:/ST/STM32CubeIDE_1.14.0/STM32CubeIDE/plugins/com.st.stm32cube.ide.mcu.externaltools.gnu-tools-for-stm32.11.3.rel1.win32_1.1.100.202309141235/tools/bin/../lib/gcc/arm-none-eabi/11.3.1/thumb/v7e-m+fp/hard\libgcc.a(_dvmd_tls.o)
                0x00000000080004cc                __aeabi_idiv0
                0x00000000080004cc                __aeabi_ldiv0
 *(.text*)
 .text.BL_FeatchHostCommand
                0x00000000080004d0       0xec ./Core/Src/Bootloader_Program.o
                0x00000000080004d0                BL_FeatchHostCommand
 .text.BL_GetVersion
                0x00000000080005bc       0x54 ./Core/Src/Bootloader_Program.o
                0x00000000080005bc                BL_GetVersion
 .text.BL_GetHelp
                0x0000000008000610       0x5c ./Core/Src/Bootloader_Program.o
                0x0000000008000610                BL_GetHelp
 .text.BL_GetChipIdentificationNumber
                0x000000000800066c       0x6c ./Core/Src/Bootloader_Program.o
                0x000000000800066c                BL_GetChipIdentificationNumber
 .text.BL_FlashErase
                0x00000000080006d8       0x78 ./Core/Src/Bootloader_Program.o
                0x00000000080006d8                BL_FlashErase
 .text.BL_FlashWrite
                0x0000000008000750       0xc4 ./Core/Src/Bootloader_Program.o
                0x0000000008000750                BL_FlashWrite
 .text.BL_CRC_Verify
                0x0000000008000814       0x78 ./Core/Src/Bootloader_Program.o
                0x0000000008000814                BL_CRC_Verify
 .text.PerformFlashErase
                0x000000000800088c       0xd4 ./Core/Src/Bootloader_Program.o
                0x000000000800088c                PerformFlashErase
 .text.BL_AddressVerification
                0x0000000008000960       0x54 ./Core/Src/Bootloader_Program.o
                0x0000000008000960                BL_AddressVerification
 .text.bootloader_jump_to_user_app
                0x00000000080009b4       0xa0 ./Core/Src/Bootloader_Program.o
                0x00000000080009b4                bootloader_jump_to_user_app
 .text.FlashMemory_PayloadWrite
                0x0000000008000a54       0xa6 ./Core/Src/Bootloader_Program.o
                0x0000000008000a54                FlashMemory_PayloadWrite
 *fill*         0x0000000008000afa        0x2 
 .text.BL_Send_ACK
                0x0000000008000afc       0x34 ./Core/Src/Bootloader_Program.o
                0x0000000008000afc                BL_Send_ACK
 .text.BL_Send_NACK
                0x0000000008000b30       0x24 ./Core/Src/Bootloader_Program.o
                0x0000000008000b30                BL_Send_NACK
 .text.Bootloader_Send_Data_To_Host
                0x0000000008000b54       0x28 ./Core/Src/Bootloader_Program.o
                0x0000000008000b54                Bootloader_Send_Data_To_Host
 .text.MX_CRC_Init
                0x0000000008000b7c       0x28 ./Core/Src/crc.o
                0x0000000008000b7c                MX_CRC_Init
 .text.HAL_CRC_MspInit
                0x0000000008000ba4       0x44 ./Core/Src/crc.o
                0x0000000008000ba4                HAL_CRC_MspInit
 .text.MX_GPIO_Init
                0x0000000008000be8       0x84 ./Core/Src/gpio.o
                0x0000000008000be8                MX_GPIO_Init
 .text.main     0x0000000008000c6c       0x26 ./Core/Src/main.o
                0x0000000008000c6c                main
 *fill*         0x0000000008000c92        0x2 
 .text.SystemClock_Config
                0x0000000008000c94       0xc0 ./Core/Src/main.o
                0x0000000008000c94                SystemClock_Config
 .text.Error_Handler
                0x0000000008000d54        0xa ./Core/Src/main.o
                0x0000000008000d54                Error_Handler
 *fill*         0x0000000008000d5e        0x2 
 .text.HAL_MspInit
                0x0000000008000d60       0x50 ./Core/Src/stm32f4xx_hal_msp.o
                0x0000000008000d60                HAL_MspInit
 .text.NMI_Handler
                0x0000000008000db0        0x6 ./Core/Src/stm32f4xx_it.o
                0x0000000008000db0                NMI_Handler
 .text.HardFault_Handler
                0x0000000008000db6        0x6 ./Core/Src/stm32f4xx_it.o
                0x0000000008000db6                HardFault_Handler
 .text.MemManage_Handler
                0x0000000008000dbc        0x6 ./Core/Src/stm32f4xx_it.o
                0x0000000008000dbc                MemManage_Handler
 .text.BusFault_Handler
                0x0000000008000dc2        0x6 ./Core/Src/stm32f4xx_it.o
                0x0000000008000dc2                BusFault_Handler
 .text.UsageFault_Handler
                0x0000000008000dc8        0x6 ./Core/Src/stm32f4xx_it.o
                0x0000000008000dc8                UsageFault_Handler
 .text.SVC_Handler
                0x0000000008000dce        0xe ./Core/Src/stm32f4xx_it.o
                0x0000000008000dce                SVC_Handler
 .text.DebugMon_Handler
                0x0000000008000ddc        0xe ./Core/Src/stm32f4xx_it.o
                0x0000000008000ddc                DebugMon_Handler
 .text.PendSV_Handler
                0x0000000008000dea        0xe ./Core/Src/stm32f4xx_it.o
                0x0000000008000dea                PendSV_Handler
 .text.SysTick_Handler
                0x0000000008000df8        0xc ./Core/Src/stm32f4xx_it.o
                0x0000000008000df8                SysTick_Handler
 .text.SystemInit
                0x0000000008000e04       0x24 ./Core/Src/system_stm32f4xx.o
                0x0000000008000e04                SystemInit
 .text.MX_USART1_UART_Init
                0x0000000008000e28       0x54 ./Core/Src/usart.o
                0x0000000008000e28                MX_USART1_UART_Init
 .text.MX_USART2_UART_Init
                0x0000000008000e7c       0x54 ./Core/Src/usart.o
                0x0000000008000e7c                MX_USART2_UART_Init
 .text.MX_USART6_UART_Init
                0x0000000008000ed0       0x54 ./Core/Src/usart.o
                0x0000000008000ed0                MX_USART6_UART_Init
 .text.HAL_UART_MspInit
                0x0000000008000f24      0x164 ./Core/Src/usart.o
                0x0000000008000f24                HAL_UART_MspInit
 .text.Reset_Handler
                0x0000000008001088       0x50 ./Core/Startup/startup_stm32f401ccux.o
                0x0000000008001088                Reset_Handler
 .text.Default_Handler
                0x00000000080010d8        0x2 ./Core/Startup/startup_stm32f401ccux.o
                0x00000000080010d8                RTC_Alarm_IRQHandler
                0x00000000080010d8                EXTI2_IRQHandler
                0x00000000080010d8                SPI4_IRQHandler
                0x00000000080010d8                TIM1_CC_IRQHandler
                0x00000000080010d8                DMA2_Stream5_IRQHandler
                0x00000000080010d8                DMA1_Stream5_IRQHandler
                0x00000000080010d8                PVD_IRQHandler
                0x00000000080010d8                SDIO_IRQHandler
                0x00000000080010d8                TAMP_STAMP_IRQHandler
                0x00000000080010d8                EXTI3_IRQHandler
                0x00000000080010d8                TIM1_UP_TIM10_IRQHandler
                0x00000000080010d8                I2C3_ER_IRQHandler
                0x00000000080010d8                EXTI0_IRQHandler
                0x00000000080010d8                I2C2_EV_IRQHandler
                0x00000000080010d8                DMA1_Stream2_IRQHandler
                0x00000000080010d8                FPU_IRQHandler
                0x00000000080010d8                DMA2_Stream2_IRQHandler
                0x00000000080010d8                SPI1_IRQHandler
                0x00000000080010d8                TIM1_BRK_TIM9_IRQHandler
                0x00000000080010d8                DMA2_Stream3_IRQHandler
                0x00000000080010d8                USART6_IRQHandler
                0x00000000080010d8                DMA2_Stream0_IRQHandler
                0x00000000080010d8                TIM4_IRQHandler
                0x00000000080010d8                I2C1_EV_IRQHandler
                0x00000000080010d8                DMA1_Stream6_IRQHandler
                0x00000000080010d8                DMA1_Stream1_IRQHandler
                0x00000000080010d8                TIM3_IRQHandler
                0x00000000080010d8                RCC_IRQHandler
                0x00000000080010d8                Default_Handler
                0x00000000080010d8                EXTI15_10_IRQHandler
                0x00000000080010d8                ADC_IRQHandler
                0x00000000080010d8                DMA1_Stream7_IRQHandler
                0x00000000080010d8                TIM5_IRQHandler
                0x00000000080010d8                DMA2_Stream7_IRQHandler
                0x00000000080010d8                I2C3_EV_IRQHandler
                0x00000000080010d8                EXTI9_5_IRQHandler
                0x00000000080010d8                RTC_WKUP_IRQHandler
                0x00000000080010d8                SPI2_IRQHandler
                0x00000000080010d8                DMA1_Stream0_IRQHandler
                0x00000000080010d8                EXTI4_IRQHandler
                0x00000000080010d8                WWDG_IRQHandler
                0x00000000080010d8                TIM2_IRQHandler
                0x00000000080010d8                OTG_FS_WKUP_IRQHandler
                0x00000000080010d8                TIM1_TRG_COM_TIM11_IRQHandler
                0x00000000080010d8                EXTI1_IRQHandler
                0x00000000080010d8                USART2_IRQHandler
                0x00000000080010d8                I2C2_ER_IRQHandler
                0x00000000080010d8                DMA2_Stream1_IRQHandler
                0x00000000080010d8                FLASH_IRQHandler
                0x00000000080010d8                DMA2_Stream4_IRQHandler
                0x00000000080010d8                USART1_IRQHandler
                0x00000000080010d8                OTG_FS_IRQHandler
                0x00000000080010d8                SPI3_IRQHandler
                0x00000000080010d8                DMA1_Stream4_IRQHandler
                0x00000000080010d8                I2C1_ER_IRQHandler
                0x00000000080010d8                DMA2_Stream6_IRQHandler
                0x00000000080010d8                DMA1_Stream3_IRQHandler
 *fill*         0x00000000080010da        0x2 
 .text.HAL_Init
                0x00000000080010dc       0x44 ./Drivers/STM32F4xx_HAL_Driver/Src/stm32f4xx_hal.o
                0x00000000080010dc                HAL_Init
 .text.HAL_InitTick
                0x0000000008001120       0x60 ./Drivers/STM32F4xx_HAL_Driver/Src/stm32f4xx_hal.o
                0x0000000008001120                HAL_InitTick
 .text.HAL_IncTick
                0x0000000008001180       0x28 ./Drivers/STM32F4xx_HAL_Driver/Src/stm32f4xx_hal.o
                0x0000000008001180                HAL_IncTick
 .text.HAL_GetTick
                0x00000000080011a8       0x18 ./Drivers/STM32F4xx_HAL_Driver/Src/stm32f4xx_hal.o
                0x00000000080011a8                HAL_GetTick
 .text.__NVIC_SetPriorityGrouping
                0x00000000080011c0       0x48 ./Drivers/STM32F4xx_HAL_Driver/Src/stm32f4xx_hal_cortex.o
 .text.__NVIC_GetPriorityGrouping
                0x0000000008001208       0x1c ./Drivers/STM32F4xx_HAL_Driver/Src/stm32f4xx_hal_cortex.o
 .text.__NVIC_SetPriority
                0x0000000008001224       0x54 ./Drivers/STM32F4xx_HAL_Driver/Src/stm32f4xx_hal_cortex.o
 .text.NVIC_EncodePriority
                0x0000000008001278       0x66 ./Drivers/STM32F4xx_HAL_Driver/Src/stm32f4xx_hal_cortex.o
 *fill*         0x00000000080012de        0x2 
 .text.SysTick_Config
                0x00000000080012e0       0x44 ./Drivers/STM32F4xx_HAL_Driver/Src/stm32f4xx_hal_cortex.o
 .text.HAL_NVIC_SetPriorityGrouping
                0x0000000008001324       0x16 ./Drivers/STM32F4xx_HAL_Driver/Src/stm32f4xx_hal_cortex.o
                0x0000000008001324                HAL_NVIC_SetPriorityGrouping
 .text.HAL_NVIC_SetPriority
                0x000000000800133a       0x38 ./Drivers/STM32F4xx_HAL_Driver/Src/stm32f4xx_hal_cortex.o
                0x000000000800133a                HAL_NVIC_SetPriority
 .text.HAL_SYSTICK_Config
                0x0000000008001372       0x18 ./Drivers/STM32F4xx_HAL_Driver/Src/stm32f4xx_hal_cortex.o
                0x0000000008001372                HAL_SYSTICK_Config
 .text.HAL_CRC_Init
                0x000000000800138a       0x38 ./Drivers/STM32F4xx_HAL_Driver/Src/stm32f4xx_hal_crc.o
                0x000000000800138a                HAL_CRC_Init
 .text.HAL_CRC_Accumulate
                0x00000000080013c2       0x56 ./Drivers/STM32F4xx_HAL_Driver/Src/stm32f4xx_hal_crc.o
                0x00000000080013c2                HAL_CRC_Accumulate
 .text.HAL_FLASH_Program
                0x0000000008001418       0xa8 ./Drivers/STM32F4xx_HAL_Driver/Src/stm32f4xx_hal_flash.o
                0x0000000008001418                HAL_FLASH_Program
 .text.HAL_FLASH_Unlock
                0x00000000080014c0       0x44 ./Drivers/STM32F4xx_HAL_Driver/Src/stm32f4xx_hal_flash.o
                0x00000000080014c0                HAL_FLASH_Unlock
 .text.HAL_FLASH_Lock
                0x0000000008001504       0x20 ./Drivers/STM32F4xx_HAL_Driver/Src/stm32f4xx_hal_flash.o
                0x0000000008001504                HAL_FLASH_Lock
 .text.FLASH_WaitForLastOperation
                0x0000000008001524       0x80 ./Drivers/STM32F4xx_HAL_Driver/Src/stm32f4xx_hal_flash.o
                0x0000000008001524                FLASH_WaitForLastOperation
 .text.FLASH_Program_DoubleWord
                0x00000000080015a4       0x64 ./Drivers/STM32F4xx_HAL_Driver/Src/stm32f4xx_hal_flash.o
 .text.FLASH_Program_Word
                0x0000000008001608       0x44 ./Drivers/STM32F4xx_HAL_Driver/Src/stm32f4xx_hal_flash.o
 .text.FLASH_Program_HalfWord
                0x000000000800164c       0x48 ./Drivers/STM32F4xx_HAL_Driver/Src/stm32f4xx_hal_flash.o
 .text.FLASH_Program_Byte
                0x0000000008001694       0x44 ./Drivers/STM32F4xx_HAL_Driver/Src/stm32f4xx_hal_flash.o
 .text.FLASH_SetErrorCode
                0x00000000080016d8       0xcc ./Drivers/STM32F4xx_HAL_Driver/Src/stm32f4xx_hal_flash.o
 .text.HAL_FLASHEx_Erase
                0x00000000080017a4       0xe0 ./Drivers/STM32F4xx_HAL_Driver/Src/stm32f4xx_hal_flash_ex.o
                0x00000000080017a4                HAL_FLASHEx_Erase
 .text.FLASH_MassErase
                0x0000000008001884       0x48 ./Drivers/STM32F4xx_HAL_Driver/Src/stm32f4xx_hal_flash_ex.o
 .text.FLASH_Erase_Sector
                0x00000000080018cc       0x90 ./Drivers/STM32F4xx_HAL_Driver/Src/stm32f4xx_hal_flash_ex.o
                0x00000000080018cc                FLASH_Erase_Sector
 .text.FLASH_FlushCaches
                0x000000000800195c       0x8c ./Drivers/STM32F4xx_HAL_Driver/Src/stm32f4xx_hal_flash_ex.o
                0x000000000800195c                FLASH_FlushCaches
 .text.HAL_GPIO_Init
                0x00000000080019e8      0x308 ./Drivers/STM32F4xx_HAL_Driver/Src/stm32f4xx_hal_gpio.o
                0x00000000080019e8                HAL_GPIO_Init
 .text.HAL_GPIO_WritePin
                0x0000000008001cf0       0x32 ./Drivers/STM32F4xx_HAL_Driver/Src/stm32f4xx_hal_gpio.o
                0x0000000008001cf0                HAL_GPIO_WritePin
 *fill*         0x0000000008001d22        0x2 
 .text.HAL_RCC_OscConfig
                0x0000000008001d24      0x4f0 ./Drivers/STM32F4xx_HAL_Driver/Src/stm32f4xx_hal_rcc.o
                0x0000000008001d24                HAL_RCC_OscConfig
 .text.HAL_RCC_ClockConfig
                0x0000000008002214      0x1cc ./Drivers/STM32F4xx_HAL_Driver/Src/stm32f4xx_hal_rcc.o
                0x0000000008002214                HAL_RCC_ClockConfig
 .text.HAL_RCC_GetSysClockFreq
                0x00000000080023e0      0x18c ./Drivers/STM32F4xx_HAL_Driver/Src/stm32f4xx_hal_rcc.o
                0x00000000080023e0                HAL_RCC_GetSysClockFreq
 .text.HAL_RCC_GetHCLKFreq
                0x000000000800256c       0x18 ./Drivers/STM32F4xx_HAL_Driver/Src/stm32f4xx_hal_rcc.o
                0x000000000800256c                HAL_RCC_GetHCLKFreq
 .text.HAL_RCC_GetPCLK1Freq
                0x0000000008002584       0x28 ./Drivers/STM32F4xx_HAL_Driver/Src/stm32f4xx_hal_rcc.o
                0x0000000008002584                HAL_RCC_GetPCLK1Freq
 .text.HAL_RCC_GetPCLK2Freq
                0x00000000080025ac       0x28 ./Drivers/STM32F4xx_HAL_Driver/Src/stm32f4xx_hal_rcc.o
                0x00000000080025ac                HAL_RCC_GetPCLK2Freq
 .text.HAL_RCC_DeInit
                0x00000000080025d4      0x19c ./Drivers/STM32F4xx_HAL_Driver/Src/stm32f4xx_hal_rcc_ex.o
                0x00000000080025d4                HAL_RCC_DeInit
 .text.HAL_UART_Init
                0x0000000008002770       0xa0 ./Drivers/STM32F4xx_HAL_Driver/Src/stm32f4xx_hal_uart.o
                0x0000000008002770                HAL_UART_Init
 .text.HAL_UART_Transmit
                0x0000000008002810      0x116 ./Drivers/STM32F4xx_HAL_Driver/Src/stm32f4xx_hal_uart.o
                0x0000000008002810                HAL_UART_Transmit
 .text.HAL_UART_Receive
                0x0000000008002926      0x12e ./Drivers/STM32F4xx_HAL_Driver/Src/stm32f4xx_hal_uart.o
                0x0000000008002926                HAL_UART_Receive
 .text.UART_WaitOnFlagUntilTimeout
                0x0000000008002a54       0xb2 ./Drivers/STM32F4xx_HAL_Driver/Src/stm32f4xx_hal_uart.o
 .text.UART_EndRxTransfer
                0x0000000008002b06       0xc6 ./Drivers/STM32F4xx_HAL_Driver/Src/stm32f4xx_hal_uart.o
 .text.UART_SetConfig
                0x0000000008002bcc      0x4e8 ./Drivers/STM32F4xx_HAL_Driver/Src/stm32f4xx_hal_uart.o
 .text.memset   0x00000000080030b4       0x10 C:/ST/STM32CubeIDE_1.14.0/STM32CubeIDE/plugins/com.st.stm32cube.ide.mcu.externaltools.gnu-tools-for-stm32.11.3.rel1.win32_1.1.100.202309141235/tools/bin/../lib/gcc/arm-none-eabi/11.3.1/../../../../arm-none-eabi/lib/thumb/v7e-m+fp/hard\libc_nano.a(libc_a-memset.o)
                0x00000000080030b4                memset
 .text.__libc_init_array
                0x00000000080030c4       0x48 C:/ST/STM32CubeIDE_1.14.0/STM32CubeIDE/plugins/com.st.stm32cube.ide.mcu.externaltools.gnu-tools-for-stm32.11.3.rel1.win32_1.1.100.202309141235/tools/bin/../lib/gcc/arm-none-eabi/11.3.1/../../../../arm-none-eabi/lib/thumb/v7e-m+fp/hard\libc_nano.a(libc_a-init.o)
                0x00000000080030c4                __libc_init_array
 *(.glue_7)
 .glue_7        0x000000000800310c        0x0 linker stubs
 *(.glue_7t)
 .glue_7t       0x000000000800310c        0x0 linker stubs
 *(.eh_frame)
 .eh_frame      0x000000000800310c        0x0 C:/ST/STM32CubeIDE_1.14.0/STM32CubeIDE/plugins/com.st.stm32cube.ide.mcu.externaltools.gnu-tools-for-stm32.11.3.rel1.win32_1.1.100.202309141235/tools/bin/../lib/gcc/arm-none-eabi/11.3.1/thumb/v7e-m+fp/hard/crtbegin.o
 *(.init)
 .init          0x000000000800310c        0x4 C:/ST/STM32CubeIDE_1.14.0/STM32CubeIDE/plugins/com.st.stm32cube.ide.mcu.externaltools.gnu-tools-for-stm32.11.3.rel1.win32_1.1.100.202309141235/tools/bin/../lib/gcc/arm-none-eabi/11.3.1/thumb/v7e-m+fp/hard/crti.o
                0x000000000800310c                _init
 .init          0x0000000008003110        0x8 C:/ST/STM32CubeIDE_1.14.0/STM32CubeIDE/plugins/com.st.stm32cube.ide.mcu.externaltools.gnu-tools-for-stm32.11.3.rel1.win32_1.1.100.202309141235/tools/bin/../lib/gcc/arm-none-eabi/11.3.1/thumb/v7e-m+fp/hard/crtn.o
 *(.fini)
 .fini          0x0000000008003118        0x4 C:/ST/STM32CubeIDE_1.14.0/STM32CubeIDE/plugins/com.st.stm32cube.ide.mcu.externaltools.gnu-tools-for-stm32.11.3.rel1.win32_1.1.100.202309141235/tools/bin/../lib/gcc/arm-none-eabi/11.3.1/thumb/v7e-m+fp/hard/crti.o
                0x0000000008003118                _fini
 .fini          0x000000000800311c        0x8 C:/ST/STM32CubeIDE_1.14.0/STM32CubeIDE/plugins/com.st.stm32cube.ide.mcu.externaltools.gnu-tools-for-stm32.11.3.rel1.win32_1.1.100.202309141235/tools/bin/../lib/gcc/arm-none-eabi/11.3.1/thumb/v7e-m+fp/hard/crtn.o
                0x0000000008003124                . = ALIGN (0x4)
                0x0000000008003124                _etext = .

.vfp11_veneer   0x0000000008003124        0x0
 .vfp11_veneer  0x0000000008003124        0x0 linker stubs

.v4_bx          0x0000000008003124        0x0
 .v4_bx         0x0000000008003124        0x0 linker stubs

.iplt           0x0000000008003124        0x0
 .iplt          0x0000000008003124        0x0 C:/ST/STM32CubeIDE_1.14.0/STM32CubeIDE/plugins/com.st.stm32cube.ide.mcu.externaltools.gnu-tools-for-stm32.11.3.rel1.win32_1.1.100.202309141235/tools/bin/../lib/gcc/arm-none-eabi/11.3.1/thumb/v7e-m+fp/hard/crtbegin.o

.rodata         0x0000000008003124       0x18
                0x0000000008003124                . = ALIGN (0x4)
 *(.rodata)
 *(.rodata*)
 .rodata.AHBPrescTable
                0x0000000008003124       0x10 ./Core/Src/system_stm32f4xx.o
                0x0000000008003124                AHBPrescTable
 .rodata.APBPrescTable
                0x0000000008003134        0x8 ./Core/Src/system_stm32f4xx.o
                0x0000000008003134                APBPrescTable
                0x000000000800313c                . = ALIGN (0x4)

.ARM.extab      0x000000000800313c        0x0
                0x000000000800313c                . = ALIGN (0x4)
 *(.ARM.extab* .gnu.linkonce.armextab.*)
                0x000000000800313c                . = ALIGN (0x4)

.ARM            0x000000000800313c        0x8
                0x000000000800313c                . = ALIGN (0x4)
                0x000000000800313c                __exidx_start = .
 *(.ARM.exidx*)
 .ARM.exidx     0x000000000800313c        0x8 C:/ST/STM32CubeIDE_1.14.0/STM32CubeIDE/plugins/com.st.stm32cube.ide.mcu.externaltools.gnu-tools-for-stm32.11.3.rel1.win32_1.1.100.202309141235/tools/bin/../lib/gcc/arm-none-eabi/11.3.1/thumb/v7e-m+fp/hard\libgcc.a(_udivmoddi4.o)
                0x0000000008003144                __exidx_end = .
                0x0000000008003144                . = ALIGN (0x4)

.rel.dyn        0x0000000008003144        0x0
 .rel.iplt      0x0000000008003144        0x0 C:/ST/STM32CubeIDE_1.14.0/STM32CubeIDE/plugins/com.st.stm32cube.ide.mcu.externaltools.gnu-tools-for-stm32.11.3.rel1.win32_1.1.100.202309141235/tools/bin/../lib/gcc/arm-none-eabi/11.3.1/thumb/v7e-m+fp/hard/crtbegin.o

.preinit_array  0x0000000008003144        0x0
                0x0000000008003144                . = ALIGN (0x4)
                0x0000000008003144                PROVIDE (__preinit_array_start = .)
 *(.preinit_array*)
                0x0000000008003144                PROVIDE (__preinit_array_end = .)
                0x0000000008003144                . = ALIGN (0x4)

.init_array     0x0000000008003144        0x4
                0x0000000008003144                . = ALIGN (0x4)
                0x0000000008003144                PROVIDE (__init_array_start = .)
 *(SORT_BY_NAME(.init_array.*))
 *(.init_array*)
 .init_array    0x0000000008003144        0x4 C:/ST/STM32CubeIDE_1.14.0/STM32CubeIDE/plugins/com.st.stm32cube.ide.mcu.externaltools.gnu-tools-for-stm32.11.3.rel1.win32_1.1.100.202309141235/tools/bin/../lib/gcc/arm-none-eabi/11.3.1/thumb/v7e-m+fp/hard/crtbegin.o
                0x0000000008003148                PROVIDE (__init_array_end = .)
                0x0000000008003148                . = ALIGN (0x4)

.fini_array     0x0000000008003148        0x4
                0x0000000008003148                . = ALIGN (0x4)
                [!provide]                        PROVIDE (__fini_array_start = .)
 *(SORT_BY_NAME(.fini_array.*))
 *(.fini_array*)
 .fini_array    0x0000000008003148        0x4 C:/ST/STM32CubeIDE_1.14.0/STM32CubeIDE/plugins/com.st.stm32cube.ide.mcu.externaltools.gnu-tools-for-stm32.11.3.rel1.win32_1.1.100.202309141235/tools/bin/../lib/gcc/arm-none-eabi/11.3.1/thumb/v7e-m+fp/hard/crtbegin.o
                [!provide]                        PROVIDE (__fini_array_end = .)
                0x000000000800314c                . = ALIGN (0x4)
                0x000000000800314c                _sidata = LOADADDR (.data)

.data           0x0000000020000000       0x18 load address 0x000000000800314c
                0x0000000020000000                . = ALIGN (0x4)
                0x0000000020000000                _sdata = .
 *(.data)
 *(.data*)
 .data.BL_Version
                0x0000000020000000        0x4 ./Core/Src/Bootloader_Program.o
 .data.BL_Supported_CMDs
                0x0000000020000004        0x6 ./Core/Src/Bootloader_Program.o
 *fill*         0x000000002000000a        0x2 
 .data.SystemCoreClock
                0x000000002000000c        0x4 ./Core/Src/system_stm32f4xx.o
                0x000000002000000c                SystemCoreClock
 .data.uwTickPrio
                0x0000000020000010        0x4 ./Drivers/STM32F4xx_HAL_Driver/Src/stm32f4xx_hal.o
                0x0000000020000010                uwTickPrio
 .data.uwTickFreq
                0x0000000020000014        0x1 ./Drivers/STM32F4xx_HAL_Driver/Src/stm32f4xx_hal.o
                0x0000000020000014                uwTickFreq
 *(.RamFunc)
 *(.RamFunc*)
                0x0000000020000018                . = ALIGN (0x4)
 *fill*         0x0000000020000015        0x3 
                0x0000000020000018                _edata = .

.igot.plt       0x0000000020000018        0x0 load address 0x0000000008003164
 .igot.plt      0x0000000020000018        0x0 C:/ST/STM32CubeIDE_1.14.0/STM32CubeIDE/plugins/com.st.stm32cube.ide.mcu.externaltools.gnu-tools-for-stm32.11.3.rel1.win32_1.1.100.202309141235/tools/bin/../lib/gcc/arm-none-eabi/11.3.1/thumb/v7e-m+fp/hard/crtbegin.o
                0x0000000020000018                . = ALIGN (0x4)

.bss            0x0000000020000018      0x1f0 load address 0x0000000008003164
                0x0000000020000018                _sbss = .
                0x0000000020000018                __bss_start__ = _sbss
 *(.bss)
 .bss           0x0000000020000018       0x1c C:/ST/STM32CubeIDE_1.14.0/STM32CubeIDE/plugins/com.st.stm32cube.ide.mcu.externaltools.gnu-tools-for-stm32.11.3.rel1.win32_1.1.100.202309141235/tools/bin/../lib/gcc/arm-none-eabi/11.3.1/thumb/v7e-m+fp/hard/crtbegin.o
 *(.bss*)
 .bss.HostBuffer
                0x0000000020000034       0xc8 ./Core/Src/Bootloader_Program.o
 .bss.appExists
                0x00000000200000fc        0x1 ./Core/Src/Bootloader_Program.o
 *fill*         0x00000000200000fd        0x1 
 .bss.i         0x00000000200000fe        0x2 ./Core/Src/Bootloader_Program.o
                0x00000000200000fe                i
 .bss.HostAddress.0
                0x0000000020000100        0x4 ./Core/Src/Bootloader_Program.o
 .bss.hcrc      0x0000000020000104        0x8 ./Core/Src/crc.o
                0x0000000020000104                hcrc
 .bss.huart1    0x000000002000010c       0x48 ./Core/Src/usart.o
                0x000000002000010c                huart1
 .bss.huart2    0x0000000020000154       0x48 ./Core/Src/usart.o
                0x0000000020000154                huart2
 .bss.huart6    0x000000002000019c       0x48 ./Core/Src/usart.o
                0x000000002000019c                huart6
 .bss.uwTick    0x00000000200001e4        0x4 ./Drivers/STM32F4xx_HAL_Driver/Src/stm32f4xx_hal.o
                0x00000000200001e4                uwTick
 .bss.pFlash    0x00000000200001e8       0x20 ./Drivers/STM32F4xx_HAL_Driver/Src/stm32f4xx_hal_flash.o
                0x00000000200001e8                pFlash
 *(COMMON)
                0x0000000020000208                . = ALIGN (0x4)
                0x0000000020000208                _ebss = .
                0x0000000020000208                __bss_end__ = _ebss

._user_heap_stack
                0x0000000020000208      0x600 load address 0x0000000008003164
                0x0000000020000208                . = ALIGN (0x8)
                [!provide]                        PROVIDE (end = .)
                0x0000000020000208                PROVIDE (_end = .)
                0x0000000020000408                . = (. + _Min_Heap_Size)
 *fill*         0x0000000020000208      0x200 
                0x0000000020000808                . = (. + _Min_Stack_Size)
 *fill*         0x0000000020000408      0x400 
                0x0000000020000808                . = ALIGN (0x8)

/DISCARD/
 libc.a(*)
 libm.a(*)
 libgcc.a(*)

.ARM.attributes
                0x0000000000000000       0x30
 *(.ARM.attributes)
 .ARM.attributes
                0x0000000000000000       0x1e C:/ST/STM32CubeIDE_1.14.0/STM32CubeIDE/plugins/com.st.stm32cube.ide.mcu.externaltools.gnu-tools-for-stm32.11.3.rel1.win32_1.1.100.202309141235/tools/bin/../lib/gcc/arm-none-eabi/11.3.1/thumb/v7e-m+fp/hard/crti.o
 .ARM.attributes
                0x000000000000001e       0x34 C:/ST/STM32CubeIDE_1.14.0/STM32CubeIDE/plugins/com.st.stm32cube.ide.mcu.externaltools.gnu-tools-for-stm32.11.3.rel1.win32_1.1.100.202309141235/tools/bin/../lib/gcc/arm-none-eabi/11.3.1/thumb/v7e-m+fp/hard/crtbegin.o
 .ARM.attributes
                0x0000000000000052       0x34 ./Core/Src/Bootloader_Program.o
 .ARM.attributes
                0x0000000000000086       0x34 ./Core/Src/crc.o
 .ARM.attributes
                0x00000000000000ba       0x34 ./Core/Src/gpio.o
 .ARM.attributes
                0x00000000000000ee       0x34 ./Core/Src/main.o
 .ARM.attributes
                0x0000000000000122       0x34 ./Core/Src/stm32f4xx_hal_msp.o
 .ARM.attributes
                0x0000000000000156       0x34 ./Core/Src/stm32f4xx_it.o
 .ARM.attributes
                0x000000000000018a       0x34 ./Core/Src/system_stm32f4xx.o
 .ARM.attributes
                0x00000000000001be       0x34 ./Core/Src/usart.o
 .ARM.attributes
                0x00000000000001f2       0x21 ./Core/Startup/startup_stm32f401ccux.o
 .ARM.attributes
                0x0000000000000213       0x34 ./Drivers/STM32F4xx_HAL_Driver/Src/stm32f4xx_hal.o
 .ARM.attributes
                0x0000000000000247       0x34 ./Drivers/STM32F4xx_HAL_Driver/Src/stm32f4xx_hal_cortex.o
 .ARM.attributes
                0x000000000000027b       0x34 ./Drivers/STM32F4xx_HAL_Driver/Src/stm32f4xx_hal_crc.o
 .ARM.attributes
                0x00000000000002af       0x34 ./Drivers/STM32F4xx_HAL_Driver/Src/stm32f4xx_hal_flash.o
 .ARM.attributes
                0x00000000000002e3       0x34 ./Drivers/STM32F4xx_HAL_Driver/Src/stm32f4xx_hal_flash_ex.o
 .ARM.attributes
                0x0000000000000317       0x34 ./Drivers/STM32F4xx_HAL_Driver/Src/stm32f4xx_hal_gpio.o
 .ARM.attributes
                0x000000000000034b       0x34 ./Drivers/STM32F4xx_HAL_Driver/Src/stm32f4xx_hal_rcc.o
 .ARM.attributes
                0x000000000000037f       0x34 ./Drivers/STM32F4xx_HAL_Driver/Src/stm32f4xx_hal_rcc_ex.o
 .ARM.attributes
                0x00000000000003b3       0x34 ./Drivers/STM32F4xx_HAL_Driver/Src/stm32f4xx_hal_uart.o
 .ARM.attributes
                0x00000000000003e7       0x34 C:/ST/STM32CubeIDE_1.14.0/STM32CubeIDE/plugins/com.st.stm32cube.ide.mcu.externaltools.gnu-tools-for-stm32.11.3.rel1.win32_1.1.100.202309141235/tools/bin/../lib/gcc/arm-none-eabi/11.3.1/../../../../arm-none-eabi/lib/thumb/v7e-m+fp/hard\libc_nano.a(libc_a-memset.o)
 .ARM.attributes
                0x000000000000041b       0x34 C:/ST/STM32CubeIDE_1.14.0/STM32CubeIDE/plugins/com.st.stm32cube.ide.mcu.externaltools.gnu-tools-for-stm32.11.3.rel1.win32_1.1.100.202309141235/tools/bin/../lib/gcc/arm-none-eabi/11.3.1/../../../../arm-none-eabi/lib/thumb/v7e-m+fp/hard\libc_nano.a(libc_a-init.o)
 .ARM.attributes
                0x000000000000044f       0x1e C:/ST/STM32CubeIDE_1.14.0/STM32CubeIDE/plugins/com.st.stm32cube.ide.mcu.externaltools.gnu-tools-for-stm32.11.3.rel1.win32_1.1.100.202309141235/tools/bin/../lib/gcc/arm-none-eabi/11.3.1/thumb/v7e-m+fp/hard\libgcc.a(_aeabi_uldivmod.o)
 .ARM.attributes
                0x000000000000046d       0x34 C:/ST/STM32CubeIDE_1.14.0/STM32CubeIDE/plugins/com.st.stm32cube.ide.mcu.externaltools.gnu-tools-for-stm32.11.3.rel1.win32_1.1.100.202309141235/tools/bin/../lib/gcc/arm-none-eabi/11.3.1/thumb/v7e-m+fp/hard\libgcc.a(_udivmoddi4.o)
 .ARM.attributes
                0x00000000000004a1       0x1e C:/ST/STM32CubeIDE_1.14.0/STM32CubeIDE/plugins/com.st.stm32cube.ide.mcu.externaltools.gnu-tools-for-stm32.11.3.rel1.win32_1.1.100.202309141235/tools/bin/../lib/gcc/arm-none-eabi/11.3.1/thumb/v7e-m+fp/hard\libgcc.a(_dvmd_tls.o)
 .ARM.attributes
                0x00000000000004bf       0x1e C:/ST/STM32CubeIDE_1.14.0/STM32CubeIDE/plugins/com.st.stm32cube.ide.mcu.externaltools.gnu-tools-for-stm32.11.3.rel1.win32_1.1.100.202309141235/tools/bin/../lib/gcc/arm-none-eabi/11.3.1/thumb/v7e-m+fp/hard/crtn.o
OUTPUT(Bootloader_second_trial.elf elf32-littlearm)
LOAD linker stubs
LOAD C:/ST/STM32CubeIDE_1.14.0/STM32CubeIDE/plugins/com.st.stm32cube.ide.mcu.externaltools.gnu-tools-for-stm32.11.3.rel1.win32_1.1.100.202309141235/tools/bin/../lib/gcc/arm-none-eabi/11.3.1/../../../../arm-none-eabi/lib/thumb/v7e-m+fp/hard\libc.a
LOAD C:/ST/STM32CubeIDE_1.14.0/STM32CubeIDE/plugins/com.st.stm32cube.ide.mcu.externaltools.gnu-tools-for-stm32.11.3.rel1.win32_1.1.100.202309141235/tools/bin/../lib/gcc/arm-none-eabi/11.3.1/../../../../arm-none-eabi/lib/thumb/v7e-m+fp/hard\libm.a
LOAD C:/ST/STM32CubeIDE_1.14.0/STM32CubeIDE/plugins/com.st.stm32cube.ide.mcu.externaltools.gnu-tools-for-stm32.11.3.rel1.win32_1.1.100.202309141235/tools/bin/../lib/gcc/arm-none-eabi/11.3.1/thumb/v7e-m+fp/hard\libgcc.a

.comment        0x0000000000000000       0x43
 .comment       0x0000000000000000       0x43 C:/ST/STM32CubeIDE_1.14.0/STM32CubeIDE/plugins/com.st.stm32cube.ide.mcu.externaltools.gnu-tools-for-stm32.11.3.rel1.win32_1.1.100.202309141235/tools/bin/../lib/gcc/arm-none-eabi/11.3.1/thumb/v7e-m+fp/hard/crtbegin.o
                                         0x44 (size before relaxing)
 .comment       0x0000000000000043       0x44 ./Core/Src/Bootloader_Program.o
 .comment       0x0000000000000043       0x44 ./Core/Src/crc.o
 .comment       0x0000000000000043       0x44 ./Core/Src/gpio.o
 .comment       0x0000000000000043       0x44 ./Core/Src/main.o
 .comment       0x0000000000000043       0x44 ./Core/Src/stm32f4xx_hal_msp.o
 .comment       0x0000000000000043       0x44 ./Core/Src/stm32f4xx_it.o
 .comment       0x0000000000000043       0x44 ./Core/Src/system_stm32f4xx.o
 .comment       0x0000000000000043       0x44 ./Core/Src/usart.o
 .comment       0x0000000000000043       0x44 ./Drivers/STM32F4xx_HAL_Driver/Src/stm32f4xx_hal.o
 .comment       0x0000000000000043       0x44 ./Drivers/STM32F4xx_HAL_Driver/Src/stm32f4xx_hal_cortex.o
 .comment       0x0000000000000043       0x44 ./Drivers/STM32F4xx_HAL_Driver/Src/stm32f4xx_hal_crc.o
 .comment       0x0000000000000043       0x44 ./Drivers/STM32F4xx_HAL_Driver/Src/stm32f4xx_hal_flash.o
 .comment       0x0000000000000043       0x44 ./Drivers/STM32F4xx_HAL_Driver/Src/stm32f4xx_hal_flash_ex.o
 .comment       0x0000000000000043       0x44 ./Drivers/STM32F4xx_HAL_Driver/Src/stm32f4xx_hal_gpio.o
 .comment       0x0000000000000043       0x44 ./Drivers/STM32F4xx_HAL_Driver/Src/stm32f4xx_hal_rcc.o
 .comment       0x0000000000000043       0x44 ./Drivers/STM32F4xx_HAL_Driver/Src/stm32f4xx_hal_rcc_ex.o
 .comment       0x0000000000000043       0x44 ./Drivers/STM32F4xx_HAL_Driver/Src/stm32f4xx_hal_uart.o

.debug_info     0x0000000000000000     0x9ac8
 .debug_info    0x0000000000000000      0xf44 ./Core/Src/Bootloader_Program.o
 .debug_info    0x0000000000000f44      0x44d ./Core/Src/crc.o
 .debug_info    0x0000000000001391      0x3fb ./Core/Src/gpio.o
 .debug_info    0x000000000000178c      0x524 ./Core/Src/main.o
 .debug_info    0x0000000000001cb0      0x291 ./Core/Src/stm32f4xx_hal_msp.o
 .debug_info    0x0000000000001f41      0x112 ./Core/Src/stm32f4xx_it.o
 .debug_info    0x0000000000002053      0x53e ./Core/Src/system_stm32f4xx.o
 .debug_info    0x0000000000002591      0xa04 ./Core/Src/usart.o
 .debug_info    0x0000000000002f95       0x23 ./Core/Startup/startup_stm32f401ccux.o
 .debug_info    0x0000000000002fb8      0x8bb ./Drivers/STM32F4xx_HAL_Driver/Src/stm32f4xx_hal.o
 .debug_info    0x0000000000003873      0xcc1 ./Drivers/STM32F4xx_HAL_Driver/Src/stm32f4xx_hal_cortex.o
 .debug_info    0x0000000000004534      0x37d ./Drivers/STM32F4xx_HAL_Driver/Src/stm32f4xx_hal_crc.o
 .debug_info    0x00000000000048b1      0x589 ./Drivers/STM32F4xx_HAL_Driver/Src/stm32f4xx_hal_flash.o
 .debug_info    0x0000000000004e3a      0x7d8 ./Drivers/STM32F4xx_HAL_Driver/Src/stm32f4xx_hal_flash_ex.o
 .debug_info    0x0000000000005612      0x6f9 ./Drivers/STM32F4xx_HAL_Driver/Src/stm32f4xx_hal_gpio.o
 .debug_info    0x0000000000005d0b      0x8f3 ./Drivers/STM32F4xx_HAL_Driver/Src/stm32f4xx_hal_rcc.o
 .debug_info    0x00000000000065fe      0x574 ./Drivers/STM32F4xx_HAL_Driver/Src/stm32f4xx_hal_rcc_ex.o
 .debug_info    0x0000000000006b72     0x2f56 ./Drivers/STM32F4xx_HAL_Driver/Src/stm32f4xx_hal_uart.o

.debug_abbrev   0x0000000000000000     0x217b
 .debug_abbrev  0x0000000000000000      0x2fa ./Core/Src/Bootloader_Program.o
 .debug_abbrev  0x00000000000002fa      0x1aa ./Core/Src/crc.o
 .debug_abbrev  0x00000000000004a4      0x151 ./Core/Src/gpio.o
 .debug_abbrev  0x00000000000005f5      0x1f3 ./Core/Src/main.o
 .debug_abbrev  0x00000000000007e8       0xd8 ./Core/Src/stm32f4xx_hal_msp.o
 .debug_abbrev  0x00000000000008c0       0x73 ./Core/Src/stm32f4xx_it.o
 .debug_abbrev  0x0000000000000933      0x11a ./Core/Src/system_stm32f4xx.o
 .debug_abbrev  0x0000000000000a4d      0x1fe ./Core/Src/usart.o
 .debug_abbrev  0x0000000000000c4b       0x12 ./Core/Startup/startup_stm32f401ccux.o
 .debug_abbrev  0x0000000000000c5d      0x24b ./Drivers/STM32F4xx_HAL_Driver/Src/stm32f4xx_hal.o
 .debug_abbrev  0x0000000000000ea8      0x328 ./Drivers/STM32F4xx_HAL_Driver/Src/stm32f4xx_hal_cortex.o
 .debug_abbrev  0x00000000000011d0      0x180 ./Drivers/STM32F4xx_HAL_Driver/Src/stm32f4xx_hal_crc.o
 .debug_abbrev  0x0000000000001350      0x27c ./Drivers/STM32F4xx_HAL_Driver/Src/stm32f4xx_hal_flash.o
 .debug_abbrev  0x00000000000015cc      0x25d ./Drivers/STM32F4xx_HAL_Driver/Src/stm32f4xx_hal_flash_ex.o
 .debug_abbrev  0x0000000000001829      0x1d3 ./Drivers/STM32F4xx_HAL_Driver/Src/stm32f4xx_hal_gpio.o
 .debug_abbrev  0x00000000000019fc      0x2b5 ./Drivers/STM32F4xx_HAL_Driver/Src/stm32f4xx_hal_rcc.o
 .debug_abbrev  0x0000000000001cb1      0x1af ./Drivers/STM32F4xx_HAL_Driver/Src/stm32f4xx_hal_rcc_ex.o
 .debug_abbrev  0x0000000000001e60      0x31b ./Drivers/STM32F4xx_HAL_Driver/Src/stm32f4xx_hal_uart.o

.debug_aranges  0x0000000000000000      0x920
 .debug_aranges
                0x0000000000000000       0x98 ./Core/Src/Bootloader_Program.o
 .debug_aranges
                0x0000000000000098       0x30 ./Core/Src/crc.o
 .debug_aranges
                0x00000000000000c8       0x20 ./Core/Src/gpio.o
 .debug_aranges
                0x00000000000000e8       0x30 ./Core/Src/main.o
 .debug_aranges
                0x0000000000000118       0x20 ./Core/Src/stm32f4xx_hal_msp.o
 .debug_aranges
                0x0000000000000138       0x60 ./Core/Src/stm32f4xx_it.o
 .debug_aranges
                0x0000000000000198       0x28 ./Core/Src/system_stm32f4xx.o
 .debug_aranges
                0x00000000000001c0       0x40 ./Core/Src/usart.o
 .debug_aranges
                0x0000000000000200       0x28 ./Core/Startup/startup_stm32f401ccux.o
 .debug_aranges
                0x0000000000000228       0xf0 ./Drivers/STM32F4xx_HAL_Driver/Src/stm32f4xx_hal.o
 .debug_aranges
                0x0000000000000318      0x120 ./Drivers/STM32F4xx_HAL_Driver/Src/stm32f4xx_hal_cortex.o
 .debug_aranges
                0x0000000000000438       0x50 ./Drivers/STM32F4xx_HAL_Driver/Src/stm32f4xx_hal_crc.o
 .debug_aranges
                0x0000000000000488       0xa0 ./Drivers/STM32F4xx_HAL_Driver/Src/stm32f4xx_hal_flash.o
 .debug_aranges
                0x0000000000000528       0xc8 ./Drivers/STM32F4xx_HAL_Driver/Src/stm32f4xx_hal_flash_ex.o
 .debug_aranges
                0x00000000000005f0       0x58 ./Drivers/STM32F4xx_HAL_Driver/Src/stm32f4xx_hal_gpio.o
 .debug_aranges
                0x0000000000000648       0x88 ./Drivers/STM32F4xx_HAL_Driver/Src/stm32f4xx_hal_rcc.o
 .debug_aranges
                0x00000000000006d0       0x48 ./Drivers/STM32F4xx_HAL_Driver/Src/stm32f4xx_hal_rcc_ex.o
 .debug_aranges
                0x0000000000000718      0x208 ./Drivers/STM32F4xx_HAL_Driver/Src/stm32f4xx_hal_uart.o

.debug_rnglists
                0x0000000000000000      0x6da
 .debug_rnglists
                0x0000000000000000       0x73 ./Core/Src/Bootloader_Program.o
 .debug_rnglists
                0x0000000000000073       0x1f ./Core/Src/crc.o
 .debug_rnglists
                0x0000000000000092       0x14 ./Core/Src/gpio.o
 .debug_rnglists
                0x00000000000000a6       0x20 ./Core/Src/main.o
 .debug_rnglists
                0x00000000000000c6       0x13 ./Core/Src/stm32f4xx_hal_msp.o
 .debug_rnglists
                0x00000000000000d9       0x43 ./Core/Src/stm32f4xx_it.o
 .debug_rnglists
                0x000000000000011c       0x1a ./Core/Src/system_stm32f4xx.o
 .debug_rnglists
                0x0000000000000136       0x2d ./Core/Src/usart.o
 .debug_rnglists
                0x0000000000000163       0x19 ./Core/Startup/startup_stm32f401ccux.o
 .debug_rnglists
                0x000000000000017c       0xaf ./Drivers/STM32F4xx_HAL_Driver/Src/stm32f4xx_hal.o
 .debug_rnglists
                0x000000000000022b       0xd4 ./Drivers/STM32F4xx_HAL_Driver/Src/stm32f4xx_hal_cortex.o
 .debug_rnglists
                0x00000000000002ff       0x37 ./Drivers/STM32F4xx_HAL_Driver/Src/stm32f4xx_hal_crc.o
 .debug_rnglists
                0x0000000000000336       0x78 ./Drivers/STM32F4xx_HAL_Driver/Src/stm32f4xx_hal_flash.o
 .debug_rnglists
                0x00000000000003ae       0x96 ./Drivers/STM32F4xx_HAL_Driver/Src/stm32f4xx_hal_flash_ex.o
 .debug_rnglists
                0x0000000000000444       0x3f ./Drivers/STM32F4xx_HAL_Driver/Src/stm32f4xx_hal_gpio.o
 .debug_rnglists
                0x0000000000000483       0x66 ./Drivers/STM32F4xx_HAL_Driver/Src/stm32f4xx_hal_rcc.o
 .debug_rnglists
                0x00000000000004e9       0x35 ./Drivers/STM32F4xx_HAL_Driver/Src/stm32f4xx_hal_rcc_ex.o
 .debug_rnglists
                0x000000000000051e      0x1bc ./Drivers/STM32F4xx_HAL_Driver/Src/stm32f4xx_hal_uart.o

.debug_macro    0x0000000000000000    0x16314
 .debug_macro   0x0000000000000000      0x302 ./Core/Src/Bootloader_Program.o
 .debug_macro   0x0000000000000302      0xaa8 ./Core/Src/Bootloader_Program.o
 .debug_macro   0x0000000000000daa       0x22 ./Core/Src/Bootloader_Program.o
 .debug_macro   0x0000000000000dcc       0x5b ./Core/Src/Bootloader_Program.o
 .debug_macro   0x0000000000000e27       0x2a ./Core/Src/Bootloader_Program.o
 .debug_macro   0x0000000000000e51       0x94 ./Core/Src/Bootloader_Program.o
 .debug_macro   0x0000000000000ee5       0x43 ./Core/Src/Bootloader_Program.o
 .debug_macro   0x0000000000000f28       0x34 ./Core/Src/Bootloader_Program.o
 .debug_macro   0x0000000000000f5c      0x174 ./Core/Src/Bootloader_Program.o
 .debug_macro   0x00000000000010d0       0x16 ./Core/Src/Bootloader_Program.o
 .debug_macro   0x00000000000010e6       0x43 ./Core/Src/Bootloader_Program.o
 .debug_macro   0x0000000000001129       0x57 ./Core/Src/Bootloader_Program.o
 .debug_macro   0x0000000000001180       0x34 ./Core/Src/Bootloader_Program.o
 .debug_macro   0x00000000000011b4       0x10 ./Core/Src/Bootloader_Program.o
 .debug_macro   0x00000000000011c4       0x58 ./Core/Src/Bootloader_Program.o
 .debug_macro   0x000000000000121c       0x8e ./Core/Src/Bootloader_Program.o
 .debug_macro   0x00000000000012aa       0x1c ./Core/Src/Bootloader_Program.o
 .debug_macro   0x00000000000012c6      0x177 ./Core/Src/Bootloader_Program.o
 .debug_macro   0x000000000000143d      0x369 ./Core/Src/Bootloader_Program.o
 .debug_macro   0x00000000000017a6       0x10 ./Core/Src/Bootloader_Program.o
 .debug_macro   0x00000000000017b6       0x35 ./Core/Src/Bootloader_Program.o
 .debug_macro   0x00000000000017eb       0x20 ./Core/Src/Bootloader_Program.o
 .debug_macro   0x000000000000180b       0x58 ./Core/Src/Bootloader_Program.o
 .debug_macro   0x0000000000001863       0x1c ./Core/Src/Bootloader_Program.o
 .debug_macro   0x000000000000187f       0x1c ./Core/Src/Bootloader_Program.o
 .debug_macro   0x000000000000189b       0x16 ./Core/Src/Bootloader_Program.o
 .debug_macro   0x00000000000018b1      0x147 ./Core/Src/Bootloader_Program.o
 .debug_macro   0x00000000000019f8      0x29b ./Core/Src/Bootloader_Program.o
 .debug_macro   0x0000000000001c93       0x2e ./Core/Src/Bootloader_Program.o
 .debug_macro   0x0000000000001cc1       0x28 ./Core/Src/Bootloader_Program.o
 .debug_macro   0x0000000000001ce9      0x103 ./Core/Src/Bootloader_Program.o
 .debug_macro   0x0000000000001dec       0x6a ./Core/Src/Bootloader_Program.o
 .debug_macro   0x0000000000001e56      0x1df ./Core/Src/Bootloader_Program.o
 .debug_macro   0x0000000000002035       0x1c ./Core/Src/Bootloader_Program.o
 .debug_macro   0x0000000000002051       0x22 ./Core/Src/Bootloader_Program.o
 .debug_macro   0x0000000000002073       0xfb ./Core/Src/Bootloader_Program.o
 .debug_macro   0x000000000000216e     0x1011 ./Core/Src/Bootloader_Program.o
 .debug_macro   0x000000000000317f      0x11f ./Core/Src/Bootloader_Program.o
 .debug_macro   0x000000000000329e     0xb86c ./Core/Src/Bootloader_Program.o
 .debug_macro   0x000000000000eb0a       0x6d ./Core/Src/Bootloader_Program.o
 .debug_macro   0x000000000000eb77     0x368c ./Core/Src/Bootloader_Program.o
 .debug_macro   0x0000000000012203       0x56 ./Core/Src/Bootloader_Program.o
 .debug_macro   0x0000000000012259      0x416 ./Core/Src/Bootloader_Program.o
 .debug_macro   0x000000000001266f      0x9e9 ./Core/Src/Bootloader_Program.o
 .debug_macro   0x0000000000013058      0x115 ./Core/Src/Bootloader_Program.o
 .debug_macro   0x000000000001316d       0xf8 ./Core/Src/Bootloader_Program.o
 .debug_macro   0x0000000000013265       0xa5 ./Core/Src/Bootloader_Program.o
 .debug_macro   0x000000000001330a      0x15f ./Core/Src/Bootloader_Program.o
 .debug_macro   0x0000000000013469      0x287 ./Core/Src/Bootloader_Program.o
 .debug_macro   0x00000000000136f0       0x5f ./Core/Src/Bootloader_Program.o
 .debug_macro   0x000000000001374f      0x236 ./Core/Src/Bootloader_Program.o
 .debug_macro   0x0000000000013985       0x22 ./Core/Src/Bootloader_Program.o
 .debug_macro   0x00000000000139a7      0x132 ./Core/Src/Bootloader_Program.o
 .debug_macro   0x0000000000013ad9      0x23a ./Core/Src/Bootloader_Program.o
 .debug_macro   0x0000000000013d13       0x2e ./Core/Src/Bootloader_Program.o
 .debug_macro   0x0000000000013d41      0x127 ./Core/Src/Bootloader_Program.o
 .debug_macro   0x0000000000013e68       0x85 ./Core/Src/Bootloader_Program.o
 .debug_macro   0x0000000000013eed       0x89 ./Core/Src/Bootloader_Program.o
 .debug_macro   0x0000000000013f76      0x2aa ./Core/Src/Bootloader_Program.o
 .debug_macro   0x0000000000014220      0x126 ./Core/Src/Bootloader_Program.o
 .debug_macro   0x0000000000014346       0xd6 ./Core/Src/Bootloader_Program.o
 .debug_macro   0x000000000001441c       0x40 ./Core/Src/Bootloader_Program.o
 .debug_macro   0x000000000001445c      0x1d8 ./Core/Src/crc.o
 .debug_macro   0x0000000000014634       0x8e ./Core/Src/crc.o
 .debug_macro   0x00000000000146c2       0x51 ./Core/Src/crc.o
 .debug_macro   0x0000000000014713       0x5c ./Core/Src/crc.o
 .debug_macro   0x000000000001476f      0x1d8 ./Core/Src/gpio.o
 .debug_macro   0x0000000000014947      0x210 ./Core/Src/main.o
 .debug_macro   0x0000000000014b57      0x1ce ./Core/Src/stm32f4xx_hal_msp.o
 .debug_macro   0x0000000000014d25      0x1d8 ./Core/Src/stm32f4xx_it.o
 .debug_macro   0x0000000000014efd      0x1c4 ./Core/Src/system_stm32f4xx.o
 .debug_macro   0x00000000000150c1      0x1d8 ./Core/Src/usart.o
 .debug_macro   0x0000000000015299      0x224 ./Drivers/STM32F4xx_HAL_Driver/Src/stm32f4xx_hal.o
 .debug_macro   0x00000000000154bd      0x1c4 ./Drivers/STM32F4xx_HAL_Driver/Src/stm32f4xx_hal_cortex.o
 .debug_macro   0x0000000000015681      0x1c4 ./Drivers/STM32F4xx_HAL_Driver/Src/stm32f4xx_hal_crc.o
 .debug_macro   0x0000000000015845      0x1ca ./Drivers/STM32F4xx_HAL_Driver/Src/stm32f4xx_hal_flash.o
 .debug_macro   0x0000000000015a0f      0x1ca ./Drivers/STM32F4xx_HAL_Driver/Src/stm32f4xx_hal_flash_ex.o
 .debug_macro   0x0000000000015bd9      0x1ca ./Drivers/STM32F4xx_HAL_Driver/Src/stm32f4xx_hal_gpio.o
 .debug_macro   0x0000000000015da3      0x1e8 ./Drivers/STM32F4xx_HAL_Driver/Src/stm32f4xx_hal_rcc.o
 .debug_macro   0x0000000000015f8b      0x1c4 ./Drivers/STM32F4xx_HAL_Driver/Src/stm32f4xx_hal_rcc_ex.o
 .debug_macro   0x000000000001614f      0x1c5 ./Drivers/STM32F4xx_HAL_Driver/Src/stm32f4xx_hal_uart.o

.debug_line     0x0000000000000000     0xc62e
 .debug_line    0x0000000000000000      0xd9c ./Core/Src/Bootloader_Program.o
 .debug_line    0x0000000000000d9c      0x770 ./Core/Src/crc.o
 .debug_line    0x000000000000150c      0x742 ./Core/Src/gpio.o
 .debug_line    0x0000000000001c4e      0x80b ./Core/Src/main.o
 .debug_line    0x0000000000002459      0x735 ./Core/Src/stm32f4xx_hal_msp.o
 .debug_line    0x0000000000002b8e      0x7f7 ./Core/Src/stm32f4xx_it.o
 .debug_line    0x0000000000003385      0x7b6 ./Core/Src/system_stm32f4xx.o
 .debug_line    0x0000000000003b3b      0x872 ./Core/Src/usart.o
 .debug_line    0x00000000000043ad       0x7a ./Core/Startup/startup_stm32f401ccux.o
 .debug_line    0x0000000000004427      0xa1c ./Drivers/STM32F4xx_HAL_Driver/Src/stm32f4xx_hal.o
 .debug_line    0x0000000000004e43      0xce8 ./Drivers/STM32F4xx_HAL_Driver/Src/stm32f4xx_hal_cortex.o
 .debug_line    0x0000000000005b2b      0x87b ./Drivers/STM32F4xx_HAL_Driver/Src/stm32f4xx_hal_crc.o
 .debug_line    0x00000000000063a6      0xabb ./Drivers/STM32F4xx_HAL_Driver/Src/stm32f4xx_hal_flash.o
 .debug_line    0x0000000000006e61      0xbc0 ./Drivers/STM32F4xx_HAL_Driver/Src/stm32f4xx_hal_flash_ex.o
 .debug_line    0x0000000000007a21      0xb54 ./Drivers/STM32F4xx_HAL_Driver/Src/stm32f4xx_hal_gpio.o
 .debug_line    0x0000000000008575      0xd93 ./Drivers/STM32F4xx_HAL_Driver/Src/stm32f4xx_hal_rcc.o
 .debug_line    0x0000000000009308      0xa4d ./Drivers/STM32F4xx_HAL_Driver/Src/stm32f4xx_hal_rcc_ex.o
 .debug_line    0x0000000000009d55     0x28d9 ./Drivers/STM32F4xx_HAL_Driver/Src/stm32f4xx_hal_uart.o

.debug_str      0x0000000000000000    0x85ae7
 .debug_str     0x0000000000000000    0x836f1 ./Core/Src/Bootloader_Program.o
                                      0x83a85 (size before relaxing)
 .debug_str     0x00000000000836f1      0x161 ./Core/Src/crc.o
                                      0x7f503 (size before relaxing)
 .debug_str     0x0000000000083852       0xd2 ./Core/Src/gpio.o
                                      0x7f453 (size before relaxing)
 .debug_str     0x0000000000083924      0x1b9 ./Core/Src/main.o
                                      0x7fade (size before relaxing)
 .debug_str     0x0000000000083add       0x2c ./Core/Src/stm32f4xx_hal_msp.o
                                      0x7f388 (size before relaxing)
 .debug_str     0x0000000000083b09       0xc9 ./Core/Src/stm32f4xx_it.o
                                      0x7f2fc (size before relaxing)
 .debug_str     0x0000000000083bd2       0xdb ./Core/Src/system_stm32f4xx.o
                                      0x7f438 (size before relaxing)
 .debug_str     0x0000000000083cad       0x61 ./Core/Src/usart.o
                                      0x7f946 (size before relaxing)
 .debug_str     0x0000000000083d0e       0x34 ./Core/Startup/startup_stm32f401ccux.o
                                         0x77 (size before relaxing)
 .debug_str     0x0000000000083d42      0x994 ./Drivers/STM32F4xx_HAL_Driver/Src/stm32f4xx_hal.o
                                      0x7fe5a (size before relaxing)
 .debug_str     0x00000000000846d6      0x35a ./Drivers/STM32F4xx_HAL_Driver/Src/stm32f4xx_hal_cortex.o
                                      0x7fb92 (size before relaxing)
 .debug_str     0x0000000000084a30       0x8a ./Drivers/STM32F4xx_HAL_Driver/Src/stm32f4xx_hal_crc.o
                                      0x7f454 (size before relaxing)
 .debug_str     0x0000000000084aba      0x291 ./Drivers/STM32F4xx_HAL_Driver/Src/stm32f4xx_hal_flash.o
                                      0x7f616 (size before relaxing)
 .debug_str     0x0000000000084d4b      0x291 ./Drivers/STM32F4xx_HAL_Driver/Src/stm32f4xx_hal_flash_ex.o
                                      0x7f739 (size before relaxing)
 .debug_str     0x0000000000084fdc      0x11c ./Drivers/STM32F4xx_HAL_Driver/Src/stm32f4xx_hal_gpio.o
                                      0x7f5b3 (size before relaxing)
 .debug_str     0x00000000000850f8      0x219 ./Drivers/STM32F4xx_HAL_Driver/Src/stm32f4xx_hal_rcc.o
                                      0x7f86c (size before relaxing)
 .debug_str     0x0000000000085311      0x18a ./Drivers/STM32F4xx_HAL_Driver/Src/stm32f4xx_hal_rcc_ex.o
                                      0x7f59b (size before relaxing)
 .debug_str     0x000000000008549b      0x64c ./Drivers/STM32F4xx_HAL_Driver/Src/stm32f4xx_hal_uart.o
                                      0x7fe3b (size before relaxing)

.debug_frame    0x0000000000000000     0x22ec
 .debug_frame   0x0000000000000000      0x270 ./Core/Src/Bootloader_Program.o
 .debug_frame   0x0000000000000270       0x7c ./Core/Src/crc.o
 .debug_frame   0x00000000000002ec       0x34 ./Core/Src/gpio.o
 .debug_frame   0x0000000000000320       0x68 ./Core/Src/main.o
 .debug_frame   0x0000000000000388       0x38 ./Core/Src/stm32f4xx_hal_msp.o
 .debug_frame   0x00000000000003c0      0x104 ./Core/Src/stm32f4xx_it.o
 .debug_frame   0x00000000000004c4       0x58 ./Core/Src/system_stm32f4xx.o
 .debug_frame   0x000000000000051c       0xac ./Core/Src/usart.o
 .debug_frame   0x00000000000005c8      0x374 ./Drivers/STM32F4xx_HAL_Driver/Src/stm32f4xx_hal.o
 .debug_frame   0x000000000000093c      0x4b8 ./Drivers/STM32F4xx_HAL_Driver/Src/stm32f4xx_hal_cortex.o
 .debug_frame   0x0000000000000df4      0x120 ./Drivers/STM32F4xx_HAL_Driver/Src/stm32f4xx_hal_crc.o
 .debug_frame   0x0000000000000f14      0x274 ./Drivers/STM32F4xx_HAL_Driver/Src/stm32f4xx_hal_flash.o
 .debug_frame   0x0000000000001188      0x334 ./Drivers/STM32F4xx_HAL_Driver/Src/stm32f4xx_hal_flash_ex.o
 .debug_frame   0x00000000000014bc      0x14c ./Drivers/STM32F4xx_HAL_Driver/Src/stm32f4xx_hal_gpio.o
 .debug_frame   0x0000000000001608      0x1f4 ./Drivers/STM32F4xx_HAL_Driver/Src/stm32f4xx_hal_rcc.o
 .debug_frame   0x00000000000017fc       0xf0 ./Drivers/STM32F4xx_HAL_Driver/Src/stm32f4xx_hal_rcc_ex.o
 .debug_frame   0x00000000000018ec      0x954 ./Drivers/STM32F4xx_HAL_Driver/Src/stm32f4xx_hal_uart.o
 .debug_frame   0x0000000000002240       0x20 C:/ST/STM32CubeIDE_1.14.0/STM32CubeIDE/plugins/com.st.stm32cube.ide.mcu.externaltools.gnu-tools-for-stm32.11.3.rel1.win32_1.1.100.202309141235/tools/bin/../lib/gcc/arm-none-eabi/11.3.1/../../../../arm-none-eabi/lib/thumb/v7e-m+fp/hard\libc_nano.a(libc_a-memset.o)
 .debug_frame   0x0000000000002260       0x2c C:/ST/STM32CubeIDE_1.14.0/STM32CubeIDE/plugins/com.st.stm32cube.ide.mcu.externaltools.gnu-tools-for-stm32.11.3.rel1.win32_1.1.100.202309141235/tools/bin/../lib/gcc/arm-none-eabi/11.3.1/../../../../arm-none-eabi/lib/thumb/v7e-m+fp/hard\libc_nano.a(libc_a-init.o)
 .debug_frame   0x000000000000228c       0x2c C:/ST/STM32CubeIDE_1.14.0/STM32CubeIDE/plugins/com.st.stm32cube.ide.mcu.externaltools.gnu-tools-for-stm32.11.3.rel1.win32_1.1.100.202309141235/tools/bin/../lib/gcc/arm-none-eabi/11.3.1/thumb/v7e-m+fp/hard\libgcc.a(_aeabi_uldivmod.o)
 .debug_frame   0x00000000000022b8       0x34 C:/ST/STM32CubeIDE_1.14.0/STM32CubeIDE/plugins/com.st.stm32cube.ide.mcu.externaltools.gnu-tools-for-stm32.11.3.rel1.win32_1.1.100.202309141235/tools/bin/../lib/gcc/arm-none-eabi/11.3.1/thumb/v7e-m+fp/hard\libgcc.a(_udivmoddi4.o)

.debug_line_str
                0x0000000000000000       0x6b
 .debug_line_str
                0x0000000000000000       0x6b ./Core/Startup/startup_stm32f401ccux.o
                                         0x83 (size before relaxing)
