Archive member included to satisfy reference by file (symbol)

d:/amit embedded/programs/7.0/toolchain/avr8/avr8-gnu-toolchain/bin/../lib/gcc/avr/5.4.0/../../../../avr/lib/avr5\libm.a(divsf3.o)
                              lm_sensor.o (__divsf3)
d:/amit embedded/programs/7.0/toolchain/avr8/avr8-gnu-toolchain/bin/../lib/gcc/avr/5.4.0/../../../../avr/lib/avr5\libm.a(divsf3x.o)
                              d:/amit embedded/programs/7.0/toolchain/avr8/avr8-gnu-toolchain/bin/../lib/gcc/avr/5.4.0/../../../../avr/lib/avr5\libm.a(divsf3.o) (__divsf3x)
d:/amit embedded/programs/7.0/toolchain/avr8/avr8-gnu-toolchain/bin/../lib/gcc/avr/5.4.0/../../../../avr/lib/avr5\libm.a(fixunssfsi.o)
                              lm_sensor.o (__fixunssfsi)
d:/amit embedded/programs/7.0/toolchain/avr8/avr8-gnu-toolchain/bin/../lib/gcc/avr/5.4.0/../../../../avr/lib/avr5\libm.a(floatsisf.o)
                              lm_sensor.o (__floatunsisf)
d:/amit embedded/programs/7.0/toolchain/avr8/avr8-gnu-toolchain/bin/../lib/gcc/avr/5.4.0/../../../../avr/lib/avr5\libm.a(fp_inf.o)
                              d:/amit embedded/programs/7.0/toolchain/avr8/avr8-gnu-toolchain/bin/../lib/gcc/avr/5.4.0/../../../../avr/lib/avr5\libm.a(divsf3x.o) (__fp_inf)
d:/amit embedded/programs/7.0/toolchain/avr8/avr8-gnu-toolchain/bin/../lib/gcc/avr/5.4.0/../../../../avr/lib/avr5\libm.a(fp_nan.o)
                              d:/amit embedded/programs/7.0/toolchain/avr8/avr8-gnu-toolchain/bin/../lib/gcc/avr/5.4.0/../../../../avr/lib/avr5\libm.a(divsf3x.o) (__fp_nan)
d:/amit embedded/programs/7.0/toolchain/avr8/avr8-gnu-toolchain/bin/../lib/gcc/avr/5.4.0/../../../../avr/lib/avr5\libm.a(fp_pscA.o)
                              d:/amit embedded/programs/7.0/toolchain/avr8/avr8-gnu-toolchain/bin/../lib/gcc/avr/5.4.0/../../../../avr/lib/avr5\libm.a(divsf3x.o) (__fp_pscA)
d:/amit embedded/programs/7.0/toolchain/avr8/avr8-gnu-toolchain/bin/../lib/gcc/avr/5.4.0/../../../../avr/lib/avr5\libm.a(fp_pscB.o)
                              d:/amit embedded/programs/7.0/toolchain/avr8/avr8-gnu-toolchain/bin/../lib/gcc/avr/5.4.0/../../../../avr/lib/avr5\libm.a(divsf3x.o) (__fp_pscB)
d:/amit embedded/programs/7.0/toolchain/avr8/avr8-gnu-toolchain/bin/../lib/gcc/avr/5.4.0/../../../../avr/lib/avr5\libm.a(fp_round.o)
                              d:/amit embedded/programs/7.0/toolchain/avr8/avr8-gnu-toolchain/bin/../lib/gcc/avr/5.4.0/../../../../avr/lib/avr5\libm.a(divsf3.o) (__fp_round)
d:/amit embedded/programs/7.0/toolchain/avr8/avr8-gnu-toolchain/bin/../lib/gcc/avr/5.4.0/../../../../avr/lib/avr5\libm.a(fp_split3.o)
                              d:/amit embedded/programs/7.0/toolchain/avr8/avr8-gnu-toolchain/bin/../lib/gcc/avr/5.4.0/../../../../avr/lib/avr5\libm.a(divsf3x.o) (__fp_split3)
d:/amit embedded/programs/7.0/toolchain/avr8/avr8-gnu-toolchain/bin/../lib/gcc/avr/5.4.0/../../../../avr/lib/avr5\libm.a(fp_zero.o)
                              d:/amit embedded/programs/7.0/toolchain/avr8/avr8-gnu-toolchain/bin/../lib/gcc/avr/5.4.0/../../../../avr/lib/avr5\libm.a(fixunssfsi.o) (__fp_zero)
d:/amit embedded/programs/7.0/toolchain/avr8/avr8-gnu-toolchain/bin/../lib/gcc/avr/5.4.0/../../../../avr/lib/avr5\libm.a(mulsf3.o)
                              lm_sensor.o (__mulsf3)
d:/amit embedded/programs/7.0/toolchain/avr8/avr8-gnu-toolchain/bin/../lib/gcc/avr/5.4.0/../../../../avr/lib/avr5\libm.a(mulsf3x.o)
                              d:/amit embedded/programs/7.0/toolchain/avr8/avr8-gnu-toolchain/bin/../lib/gcc/avr/5.4.0/../../../../avr/lib/avr5\libm.a(mulsf3.o) (__mulsf3x)
d:/amit embedded/programs/7.0/toolchain/avr8/avr8-gnu-toolchain/bin/../lib/gcc/avr/5.4.0/avr5\libgcc.a(_exit.o)
                              D:/AMIT Embedded/Programs/7.0/Packs/atmel/ATmega_DFP/1.7.374/gcc/dev/atmega32/avr5/crtatmega32.o (exit)
d:/amit embedded/programs/7.0/toolchain/avr8/avr8-gnu-toolchain/bin/../lib/gcc/avr/5.4.0/avr5\libgcc.a(_tablejump2.o)
                              DCM.o (__tablejump2__)
d:/amit embedded/programs/7.0/toolchain/avr8/avr8-gnu-toolchain/bin/../lib/gcc/avr/5.4.0/avr5\libgcc.a(_copy_data.o)
                              DCM.o (__do_copy_data)
d:/amit embedded/programs/7.0/toolchain/avr8/avr8-gnu-toolchain/bin/../lib/gcc/avr/5.4.0/avr5\libgcc.a(_clear_bss.o)
                              DEM.o (__do_clear_bss)
d:/amit embedded/programs/7.0/toolchain/avr8/avr8-gnu-toolchain/bin/../lib/gcc/avr/5.4.0/avr5\libgcc.a(_umulhisi3.o)
                              lm_sensor.o (__umulhisi3)
d:/amit embedded/programs/7.0/toolchain/avr8/avr8-gnu-toolchain/bin/../lib/gcc/avr/5.4.0/../../../../avr/lib/avr5\libc.a(memcpy.o)
                              DEM.o (memcpy)
d:/amit embedded/programs/7.0/toolchain/avr8/avr8-gnu-toolchain/bin/../lib/gcc/avr/5.4.0/../../../../avr/lib/avr5\libc.a(memset.o)
                              DEM.o (memset)
d:/amit embedded/programs/7.0/toolchain/avr8/avr8-gnu-toolchain/bin/../lib/gcc/avr/5.4.0/../../../../avr/lib/avr5\libc.a(itoa.o)
                              lcd.o (itoa)
d:/amit embedded/programs/7.0/toolchain/avr8/avr8-gnu-toolchain/bin/../lib/gcc/avr/5.4.0/../../../../avr/lib/avr5\libc.a(itoa_ncheck.o)
                              d:/amit embedded/programs/7.0/toolchain/avr8/avr8-gnu-toolchain/bin/../lib/gcc/avr/5.4.0/../../../../avr/lib/avr5\libc.a(itoa.o) (__itoa_ncheck)
d:/amit embedded/programs/7.0/toolchain/avr8/avr8-gnu-toolchain/bin/../lib/gcc/avr/5.4.0/../../../../avr/lib/avr5\libc.a(utoa_ncheck.o)
                              d:/amit embedded/programs/7.0/toolchain/avr8/avr8-gnu-toolchain/bin/../lib/gcc/avr/5.4.0/../../../../avr/lib/avr5\libc.a(itoa_ncheck.o) (__utoa_common)
d:/amit embedded/programs/7.0/toolchain/avr8/avr8-gnu-toolchain/bin/../lib/gcc/avr/5.4.0/../../../../avr/lib/avr5\libc.a(strrev.o)
                              d:/amit embedded/programs/7.0/toolchain/avr8/avr8-gnu-toolchain/bin/../lib/gcc/avr/5.4.0/../../../../avr/lib/avr5\libc.a(utoa_ncheck.o) (strrev)

Allocating common symbols
Common symbol       size              file

priMemExtDataBuffer
                    0x46              DEM.o
priMemEventBuffer   0x18              DEM.o

Discarded input sections

 .data          0x00000000        0x0 D:/AMIT Embedded/Programs/7.0/Packs/atmel/ATmega_DFP/1.7.374/gcc/dev/atmega32/avr5/crtatmega32.o
 .bss           0x00000000        0x0 D:/AMIT Embedded/Programs/7.0/Packs/atmel/ATmega_DFP/1.7.374/gcc/dev/atmega32/avr5/crtatmega32.o
 .text          0x00000000        0x0 adc.o
 .data          0x00000000        0x0 adc.o
 .bss           0x00000000        0x0 adc.o
 .text          0x00000000        0x0 DCM.o
 .data          0x00000000        0x0 DCM.o
 .bss           0x00000000        0x0 DCM.o
 .text          0x00000000        0x0 DEM.o
 .data          0x00000000        0x0 DEM.o
 .bss           0x00000000        0x0 DEM.o
 .text.resetEventStatusRec
                0x00000000       0x3c DEM.o
 .text.resetEventStatus
                0x00000000       0x2c DEM.o
 .text.deleteEventPriMem
                0x00000000       0x62 DEM.o
 .text.deleteFreezeFrameDataPriMem
                0x00000000       0x54 DEM.o
 .text.deleteExtendedDataPriMem
                0x00000000       0x76 DEM.o
 .text.lookupFreezeFrameForDisplacementPreInit
                0x00000000       0x72 DEM.o
 .text.getEventStatus
                0x00000000       0x5c DEM.o
 .text.getEventFailed
                0x00000000       0x66 DEM.o
 .text.getEventTested
                0x00000000       0x66 DEM.o
 .text.storeExtendedData
                0x00000000      0x1f6 DEM.o
 .text.storeFreezeFrameDataPreInit
                0x00000000      0x112 DEM.o
 .text.handlePreInitEvent
                0x00000000       0xfc DEM.o
 .text.demZeroPriMemBuffers
                0x00000000       0x2c DEM.o
 .text.Dem_Shutdown
                0x00000000        0xe DEM.o
 .text.Dem_MainFunction
                0x00000000        0x2 DEM.o
 .text.Dem_ResetEventStatus
                0x00000000       0x18 DEM.o
 .text.Dem_GetEventStatus
                0x00000000       0x18 DEM.o
 .text.Dem_GetEventFailed
                0x00000000       0x18 DEM.o
 .text.Dem_GetEventTested
                0x00000000       0x18 DEM.o
 .text.Dem_GetDTCOfEvent
                0x00000000       0x66 DEM.o
 .text.Dem_ReportErrorStatus
                0x00000000       0x1e DEM.o
 .text.Dem_GetNumberOfFilteredDtc
                0x00000000       0x88 DEM.o
 .text.Dem_GetTranslationType
                0x00000000        0x4 DEM.o
 .text.Dem_ClearDTC
                0x00000000      0x112 DEM.o
 .text.Dem_DisableDTCStorage
                0x00000000       0x1e DEM.o
 .text.Dem_EnableDTCStorage
                0x00000000       0x9e DEM.o
 .text.Dem_GetSizeOfExtendedDataRecordByDTC
                0x00000000       0x84 DEM.o
 .text.Dem_GetFreezeFrameDataIdentifierByDTC
                0x00000000       0xca DEM.o
 .text.Dem_GetSizeOfFreezeFrame
                0x00000000       0xf4 DEM.o
 .text.getFFDataPreInit
                0x00000000        0xc DEM.o
 .text.getPriMemFFBufPtr
                0x00000000        0xc DEM.o
 .text.getCurTimeStamp
                0x00000000       0x12 DEM.o
 .text.getPriMemEventRecBufPtr
                0x00000000        0xc DEM.o
 .text          0x00000000        0x0 DEM_DCM_Cfg.o
 .data          0x00000000        0x0 DEM_DCM_Cfg.o
 .bss           0x00000000        0x0 DEM_DCM_Cfg.o
 .data.ExtendedData_Brakes
                0x00000000        0x2 DEM_DCM_Cfg.o
 .text          0x00000000        0x0 main.o
 .data          0x00000000        0x0 main.o
 .bss           0x00000000        0x0 main.o
 .text          0x00000000        0x0 gpio.o
 .data          0x00000000        0x0 gpio.o
 .bss           0x00000000        0x0 gpio.o
 .text.GPIO_readPort
                0x00000000       0x2c gpio.o
 .text          0x00000000        0x0 lcd.o
 .data          0x00000000        0x0 lcd.o
 .bss           0x00000000        0x0 lcd.o
 .text.LCD_displayStringRowColumn
                0x00000000       0x16 lcd.o
 .text.LCD_clearScreen
                0x00000000        0x8 lcd.o
 .text          0x00000000        0x0 lm_sensor.o
 .data          0x00000000        0x0 lm_sensor.o
 .bss           0x00000000        0x0 lm_sensor.o
 .text          0x00000000        0x0 motor.o
 .data          0x00000000        0x0 motor.o
 .bss           0x00000000        0x0 motor.o
 .text.DcMotor_Rotate
                0x00000000       0x16 motor.o
 .text          0x00000000        0x0 pwm.o
 .data          0x00000000        0x0 pwm.o
 .bss           0x00000000        0x0 pwm.o
 .text.PWM_Timer0_Start
                0x00000000       0x14 pwm.o
 .debug_info    0x00000000       0xfd pwm.o
 .debug_abbrev  0x00000000       0xa3 pwm.o
 .debug_loc     0x00000000       0x2d pwm.o
 .debug_aranges
                0x00000000       0x20 pwm.o
 .debug_ranges  0x00000000       0x10 pwm.o
 .debug_line    0x00000000       0xc1 pwm.o
 .debug_str     0x00000000      0x1d1 pwm.o
 .comment       0x00000000       0x31 pwm.o
 .debug_frame   0x00000000       0x24 pwm.o
 .text          0x00000000        0x0 d:/amit embedded/programs/7.0/toolchain/avr8/avr8-gnu-toolchain/bin/../lib/gcc/avr/5.4.0/../../../../avr/lib/avr5\libm.a(divsf3.o)
 .data          0x00000000        0x0 d:/amit embedded/programs/7.0/toolchain/avr8/avr8-gnu-toolchain/bin/../lib/gcc/avr/5.4.0/../../../../avr/lib/avr5\libm.a(divsf3.o)
 .bss           0x00000000        0x0 d:/amit embedded/programs/7.0/toolchain/avr8/avr8-gnu-toolchain/bin/../lib/gcc/avr/5.4.0/../../../../avr/lib/avr5\libm.a(divsf3.o)
 .text          0x00000000        0x0 d:/amit embedded/programs/7.0/toolchain/avr8/avr8-gnu-toolchain/bin/../lib/gcc/avr/5.4.0/../../../../avr/lib/avr5\libm.a(divsf3x.o)
 .data          0x00000000        0x0 d:/amit embedded/programs/7.0/toolchain/avr8/avr8-gnu-toolchain/bin/../lib/gcc/avr/5.4.0/../../../../avr/lib/avr5\libm.a(divsf3x.o)
 .bss           0x00000000        0x0 d:/amit embedded/programs/7.0/toolchain/avr8/avr8-gnu-toolchain/bin/../lib/gcc/avr/5.4.0/../../../../avr/lib/avr5\libm.a(divsf3x.o)
 .text          0x00000000        0x0 d:/amit embedded/programs/7.0/toolchain/avr8/avr8-gnu-toolchain/bin/../lib/gcc/avr/5.4.0/../../../../avr/lib/avr5\libm.a(fixunssfsi.o)
 .data          0x00000000        0x0 d:/amit embedded/programs/7.0/toolchain/avr8/avr8-gnu-toolchain/bin/../lib/gcc/avr/5.4.0/../../../../avr/lib/avr5\libm.a(fixunssfsi.o)
 .bss           0x00000000        0x0 d:/amit embedded/programs/7.0/toolchain/avr8/avr8-gnu-toolchain/bin/../lib/gcc/avr/5.4.0/../../../../avr/lib/avr5\libm.a(fixunssfsi.o)
 .text          0x00000000        0x0 d:/amit embedded/programs/7.0/toolchain/avr8/avr8-gnu-toolchain/bin/../lib/gcc/avr/5.4.0/../../../../avr/lib/avr5\libm.a(floatsisf.o)
 .data          0x00000000        0x0 d:/amit embedded/programs/7.0/toolchain/avr8/avr8-gnu-toolchain/bin/../lib/gcc/avr/5.4.0/../../../../avr/lib/avr5\libm.a(floatsisf.o)
 .bss           0x00000000        0x0 d:/amit embedded/programs/7.0/toolchain/avr8/avr8-gnu-toolchain/bin/../lib/gcc/avr/5.4.0/../../../../avr/lib/avr5\libm.a(floatsisf.o)
 .text          0x00000000        0x0 d:/amit embedded/programs/7.0/toolchain/avr8/avr8-gnu-toolchain/bin/../lib/gcc/avr/5.4.0/../../../../avr/lib/avr5\libm.a(fp_inf.o)
 .data          0x00000000        0x0 d:/amit embedded/programs/7.0/toolchain/avr8/avr8-gnu-toolchain/bin/../lib/gcc/avr/5.4.0/../../../../avr/lib/avr5\libm.a(fp_inf.o)
 .bss           0x00000000        0x0 d:/amit embedded/programs/7.0/toolchain/avr8/avr8-gnu-toolchain/bin/../lib/gcc/avr/5.4.0/../../../../avr/lib/avr5\libm.a(fp_inf.o)
 .text          0x00000000        0x0 d:/amit embedded/programs/7.0/toolchain/avr8/avr8-gnu-toolchain/bin/../lib/gcc/avr/5.4.0/../../../../avr/lib/avr5\libm.a(fp_nan.o)
 .data          0x00000000        0x0 d:/amit embedded/programs/7.0/toolchain/avr8/avr8-gnu-toolchain/bin/../lib/gcc/avr/5.4.0/../../../../avr/lib/avr5\libm.a(fp_nan.o)
 .bss           0x00000000        0x0 d:/amit embedded/programs/7.0/toolchain/avr8/avr8-gnu-toolchain/bin/../lib/gcc/avr/5.4.0/../../../../avr/lib/avr5\libm.a(fp_nan.o)
 .text          0x00000000        0x0 d:/amit embedded/programs/7.0/toolchain/avr8/avr8-gnu-toolchain/bin/../lib/gcc/avr/5.4.0/../../../../avr/lib/avr5\libm.a(fp_pscA.o)
 .data          0x00000000        0x0 d:/amit embedded/programs/7.0/toolchain/avr8/avr8-gnu-toolchain/bin/../lib/gcc/avr/5.4.0/../../../../avr/lib/avr5\libm.a(fp_pscA.o)
 .bss           0x00000000        0x0 d:/amit embedded/programs/7.0/toolchain/avr8/avr8-gnu-toolchain/bin/../lib/gcc/avr/5.4.0/../../../../avr/lib/avr5\libm.a(fp_pscA.o)
 .text          0x00000000        0x0 d:/amit embedded/programs/7.0/toolchain/avr8/avr8-gnu-toolchain/bin/../lib/gcc/avr/5.4.0/../../../../avr/lib/avr5\libm.a(fp_pscB.o)
 .data          0x00000000        0x0 d:/amit embedded/programs/7.0/toolchain/avr8/avr8-gnu-toolchain/bin/../lib/gcc/avr/5.4.0/../../../../avr/lib/avr5\libm.a(fp_pscB.o)
 .bss           0x00000000        0x0 d:/amit embedded/programs/7.0/toolchain/avr8/avr8-gnu-toolchain/bin/../lib/gcc/avr/5.4.0/../../../../avr/lib/avr5\libm.a(fp_pscB.o)
 .text          0x00000000        0x0 d:/amit embedded/programs/7.0/toolchain/avr8/avr8-gnu-toolchain/bin/../lib/gcc/avr/5.4.0/../../../../avr/lib/avr5\libm.a(fp_round.o)
 .data          0x00000000        0x0 d:/amit embedded/programs/7.0/toolchain/avr8/avr8-gnu-toolchain/bin/../lib/gcc/avr/5.4.0/../../../../avr/lib/avr5\libm.a(fp_round.o)
 .bss           0x00000000        0x0 d:/amit embedded/programs/7.0/toolchain/avr8/avr8-gnu-toolchain/bin/../lib/gcc/avr/5.4.0/../../../../avr/lib/avr5\libm.a(fp_round.o)
 .text          0x00000000        0x0 d:/amit embedded/programs/7.0/toolchain/avr8/avr8-gnu-toolchain/bin/../lib/gcc/avr/5.4.0/../../../../avr/lib/avr5\libm.a(fp_split3.o)
 .data          0x00000000        0x0 d:/amit embedded/programs/7.0/toolchain/avr8/avr8-gnu-toolchain/bin/../lib/gcc/avr/5.4.0/../../../../avr/lib/avr5\libm.a(fp_split3.o)
 .bss           0x00000000        0x0 d:/amit embedded/programs/7.0/toolchain/avr8/avr8-gnu-toolchain/bin/../lib/gcc/avr/5.4.0/../../../../avr/lib/avr5\libm.a(fp_split3.o)
 .text          0x00000000        0x0 d:/amit embedded/programs/7.0/toolchain/avr8/avr8-gnu-toolchain/bin/../lib/gcc/avr/5.4.0/../../../../avr/lib/avr5\libm.a(fp_zero.o)
 .data          0x00000000        0x0 d:/amit embedded/programs/7.0/toolchain/avr8/avr8-gnu-toolchain/bin/../lib/gcc/avr/5.4.0/../../../../avr/lib/avr5\libm.a(fp_zero.o)
 .bss           0x00000000        0x0 d:/amit embedded/programs/7.0/toolchain/avr8/avr8-gnu-toolchain/bin/../lib/gcc/avr/5.4.0/../../../../avr/lib/avr5\libm.a(fp_zero.o)
 .text          0x00000000        0x0 d:/amit embedded/programs/7.0/toolchain/avr8/avr8-gnu-toolchain/bin/../lib/gcc/avr/5.4.0/../../../../avr/lib/avr5\libm.a(mulsf3.o)
 .data          0x00000000        0x0 d:/amit embedded/programs/7.0/toolchain/avr8/avr8-gnu-toolchain/bin/../lib/gcc/avr/5.4.0/../../../../avr/lib/avr5\libm.a(mulsf3.o)
 .bss           0x00000000        0x0 d:/amit embedded/programs/7.0/toolchain/avr8/avr8-gnu-toolchain/bin/../lib/gcc/avr/5.4.0/../../../../avr/lib/avr5\libm.a(mulsf3.o)
 .text          0x00000000        0x0 d:/amit embedded/programs/7.0/toolchain/avr8/avr8-gnu-toolchain/bin/../lib/gcc/avr/5.4.0/../../../../avr/lib/avr5\libm.a(mulsf3x.o)
 .data          0x00000000        0x0 d:/amit embedded/programs/7.0/toolchain/avr8/avr8-gnu-toolchain/bin/../lib/gcc/avr/5.4.0/../../../../avr/lib/avr5\libm.a(mulsf3x.o)
 .bss           0x00000000        0x0 d:/amit embedded/programs/7.0/toolchain/avr8/avr8-gnu-toolchain/bin/../lib/gcc/avr/5.4.0/../../../../avr/lib/avr5\libm.a(mulsf3x.o)
 .text          0x00000000        0x0 d:/amit embedded/programs/7.0/toolchain/avr8/avr8-gnu-toolchain/bin/../lib/gcc/avr/5.4.0/avr5\libgcc.a(_exit.o)
 .data          0x00000000        0x0 d:/amit embedded/programs/7.0/toolchain/avr8/avr8-gnu-toolchain/bin/../lib/gcc/avr/5.4.0/avr5\libgcc.a(_exit.o)
 .bss           0x00000000        0x0 d:/amit embedded/programs/7.0/toolchain/avr8/avr8-gnu-toolchain/bin/../lib/gcc/avr/5.4.0/avr5\libgcc.a(_exit.o)
 .text.libgcc.mul
                0x00000000        0x0 d:/amit embedded/programs/7.0/toolchain/avr8/avr8-gnu-toolchain/bin/../lib/gcc/avr/5.4.0/avr5\libgcc.a(_exit.o)
 .text.libgcc.div
                0x00000000        0x0 d:/amit embedded/programs/7.0/toolchain/avr8/avr8-gnu-toolchain/bin/../lib/gcc/avr/5.4.0/avr5\libgcc.a(_exit.o)
 .text.libgcc   0x00000000        0x0 d:/amit embedded/programs/7.0/toolchain/avr8/avr8-gnu-toolchain/bin/../lib/gcc/avr/5.4.0/avr5\libgcc.a(_exit.o)
 .text.libgcc.prologue
                0x00000000        0x0 d:/amit embedded/programs/7.0/toolchain/avr8/avr8-gnu-toolchain/bin/../lib/gcc/avr/5.4.0/avr5\libgcc.a(_exit.o)
 .text.libgcc.builtins
                0x00000000        0x0 d:/amit embedded/programs/7.0/toolchain/avr8/avr8-gnu-toolchain/bin/../lib/gcc/avr/5.4.0/avr5\libgcc.a(_exit.o)
 .text.libgcc.fmul
                0x00000000        0x0 d:/amit embedded/programs/7.0/toolchain/avr8/avr8-gnu-toolchain/bin/../lib/gcc/avr/5.4.0/avr5\libgcc.a(_exit.o)
 .text.libgcc.fixed
                0x00000000        0x0 d:/amit embedded/programs/7.0/toolchain/avr8/avr8-gnu-toolchain/bin/../lib/gcc/avr/5.4.0/avr5\libgcc.a(_exit.o)
 .text          0x00000000        0x0 d:/amit embedded/programs/7.0/toolchain/avr8/avr8-gnu-toolchain/bin/../lib/gcc/avr/5.4.0/avr5\libgcc.a(_tablejump2.o)
 .data          0x00000000        0x0 d:/amit embedded/programs/7.0/toolchain/avr8/avr8-gnu-toolchain/bin/../lib/gcc/avr/5.4.0/avr5\libgcc.a(_tablejump2.o)
 .bss           0x00000000        0x0 d:/amit embedded/programs/7.0/toolchain/avr8/avr8-gnu-toolchain/bin/../lib/gcc/avr/5.4.0/avr5\libgcc.a(_tablejump2.o)
 .text.libgcc.mul
                0x00000000        0x0 d:/amit embedded/programs/7.0/toolchain/avr8/avr8-gnu-toolchain/bin/../lib/gcc/avr/5.4.0/avr5\libgcc.a(_tablejump2.o)
 .text.libgcc.div
                0x00000000        0x0 d:/amit embedded/programs/7.0/toolchain/avr8/avr8-gnu-toolchain/bin/../lib/gcc/avr/5.4.0/avr5\libgcc.a(_tablejump2.o)
 .text.libgcc.prologue
                0x00000000        0x0 d:/amit embedded/programs/7.0/toolchain/avr8/avr8-gnu-toolchain/bin/../lib/gcc/avr/5.4.0/avr5\libgcc.a(_tablejump2.o)
 .text.libgcc.builtins
                0x00000000        0x0 d:/amit embedded/programs/7.0/toolchain/avr8/avr8-gnu-toolchain/bin/../lib/gcc/avr/5.4.0/avr5\libgcc.a(_tablejump2.o)
 .text.libgcc.fmul
                0x00000000        0x0 d:/amit embedded/programs/7.0/toolchain/avr8/avr8-gnu-toolchain/bin/../lib/gcc/avr/5.4.0/avr5\libgcc.a(_tablejump2.o)
 .text.libgcc.fixed
                0x00000000        0x0 d:/amit embedded/programs/7.0/toolchain/avr8/avr8-gnu-toolchain/bin/../lib/gcc/avr/5.4.0/avr5\libgcc.a(_tablejump2.o)
 .text          0x00000000        0x0 d:/amit embedded/programs/7.0/toolchain/avr8/avr8-gnu-toolchain/bin/../lib/gcc/avr/5.4.0/avr5\libgcc.a(_copy_data.o)
 .data          0x00000000        0x0 d:/amit embedded/programs/7.0/toolchain/avr8/avr8-gnu-toolchain/bin/../lib/gcc/avr/5.4.0/avr5\libgcc.a(_copy_data.o)
 .bss           0x00000000        0x0 d:/amit embedded/programs/7.0/toolchain/avr8/avr8-gnu-toolchain/bin/../lib/gcc/avr/5.4.0/avr5\libgcc.a(_copy_data.o)
 .text.libgcc.mul
                0x00000000        0x0 d:/amit embedded/programs/7.0/toolchain/avr8/avr8-gnu-toolchain/bin/../lib/gcc/avr/5.4.0/avr5\libgcc.a(_copy_data.o)
 .text.libgcc.div
                0x00000000        0x0 d:/amit embedded/programs/7.0/toolchain/avr8/avr8-gnu-toolchain/bin/../lib/gcc/avr/5.4.0/avr5\libgcc.a(_copy_data.o)
 .text.libgcc   0x00000000        0x0 d:/amit embedded/programs/7.0/toolchain/avr8/avr8-gnu-toolchain/bin/../lib/gcc/avr/5.4.0/avr5\libgcc.a(_copy_data.o)
 .text.libgcc.prologue
                0x00000000        0x0 d:/amit embedded/programs/7.0/toolchain/avr8/avr8-gnu-toolchain/bin/../lib/gcc/avr/5.4.0/avr5\libgcc.a(_copy_data.o)
 .text.libgcc.builtins
                0x00000000        0x0 d:/amit embedded/programs/7.0/toolchain/avr8/avr8-gnu-toolchain/bin/../lib/gcc/avr/5.4.0/avr5\libgcc.a(_copy_data.o)
 .text.libgcc.fmul
                0x00000000        0x0 d:/amit embedded/programs/7.0/toolchain/avr8/avr8-gnu-toolchain/bin/../lib/gcc/avr/5.4.0/avr5\libgcc.a(_copy_data.o)
 .text.libgcc.fixed
                0x00000000        0x0 d:/amit embedded/programs/7.0/toolchain/avr8/avr8-gnu-toolchain/bin/../lib/gcc/avr/5.4.0/avr5\libgcc.a(_copy_data.o)
 .text          0x00000000        0x0 d:/amit embedded/programs/7.0/toolchain/avr8/avr8-gnu-toolchain/bin/../lib/gcc/avr/5.4.0/avr5\libgcc.a(_clear_bss.o)
 .data          0x00000000        0x0 d:/amit embedded/programs/7.0/toolchain/avr8/avr8-gnu-toolchain/bin/../lib/gcc/avr/5.4.0/avr5\libgcc.a(_clear_bss.o)
 .bss           0x00000000        0x0 d:/amit embedded/programs/7.0/toolchain/avr8/avr8-gnu-toolchain/bin/../lib/gcc/avr/5.4.0/avr5\libgcc.a(_clear_bss.o)
 .text.libgcc.mul
                0x00000000        0x0 d:/amit embedded/programs/7.0/toolchain/avr8/avr8-gnu-toolchain/bin/../lib/gcc/avr/5.4.0/avr5\libgcc.a(_clear_bss.o)
 .text.libgcc.div
                0x00000000        0x0 d:/amit embedded/programs/7.0/toolchain/avr8/avr8-gnu-toolchain/bin/../lib/gcc/avr/5.4.0/avr5\libgcc.a(_clear_bss.o)
 .text.libgcc   0x00000000        0x0 d:/amit embedded/programs/7.0/toolchain/avr8/avr8-gnu-toolchain/bin/../lib/gcc/avr/5.4.0/avr5\libgcc.a(_clear_bss.o)
 .text.libgcc.prologue
                0x00000000        0x0 d:/amit embedded/programs/7.0/toolchain/avr8/avr8-gnu-toolchain/bin/../lib/gcc/avr/5.4.0/avr5\libgcc.a(_clear_bss.o)
 .text.libgcc.builtins
                0x00000000        0x0 d:/amit embedded/programs/7.0/toolchain/avr8/avr8-gnu-toolchain/bin/../lib/gcc/avr/5.4.0/avr5\libgcc.a(_clear_bss.o)
 .text.libgcc.fmul
                0x00000000        0x0 d:/amit embedded/programs/7.0/toolchain/avr8/avr8-gnu-toolchain/bin/../lib/gcc/avr/5.4.0/avr5\libgcc.a(_clear_bss.o)
 .text.libgcc.fixed
                0x00000000        0x0 d:/amit embedded/programs/7.0/toolchain/avr8/avr8-gnu-toolchain/bin/../lib/gcc/avr/5.4.0/avr5\libgcc.a(_clear_bss.o)
 .text          0x00000000        0x0 d:/amit embedded/programs/7.0/toolchain/avr8/avr8-gnu-toolchain/bin/../lib/gcc/avr/5.4.0/avr5\libgcc.a(_umulhisi3.o)
 .data          0x00000000        0x0 d:/amit embedded/programs/7.0/toolchain/avr8/avr8-gnu-toolchain/bin/../lib/gcc/avr/5.4.0/avr5\libgcc.a(_umulhisi3.o)
 .bss           0x00000000        0x0 d:/amit embedded/programs/7.0/toolchain/avr8/avr8-gnu-toolchain/bin/../lib/gcc/avr/5.4.0/avr5\libgcc.a(_umulhisi3.o)
 .text.libgcc.div
                0x00000000        0x0 d:/amit embedded/programs/7.0/toolchain/avr8/avr8-gnu-toolchain/bin/../lib/gcc/avr/5.4.0/avr5\libgcc.a(_umulhisi3.o)
 .text.libgcc   0x00000000        0x0 d:/amit embedded/programs/7.0/toolchain/avr8/avr8-gnu-toolchain/bin/../lib/gcc/avr/5.4.0/avr5\libgcc.a(_umulhisi3.o)
 .text.libgcc.prologue
                0x00000000        0x0 d:/amit embedded/programs/7.0/toolchain/avr8/avr8-gnu-toolchain/bin/../lib/gcc/avr/5.4.0/avr5\libgcc.a(_umulhisi3.o)
 .text.libgcc.builtins
                0x00000000        0x0 d:/amit embedded/programs/7.0/toolchain/avr8/avr8-gnu-toolchain/bin/../lib/gcc/avr/5.4.0/avr5\libgcc.a(_umulhisi3.o)
 .text.libgcc.fmul
                0x00000000        0x0 d:/amit embedded/programs/7.0/toolchain/avr8/avr8-gnu-toolchain/bin/../lib/gcc/avr/5.4.0/avr5\libgcc.a(_umulhisi3.o)
 .text.libgcc.fixed
                0x00000000        0x0 d:/amit embedded/programs/7.0/toolchain/avr8/avr8-gnu-toolchain/bin/../lib/gcc/avr/5.4.0/avr5\libgcc.a(_umulhisi3.o)
 .text          0x00000000        0x0 d:/amit embedded/programs/7.0/toolchain/avr8/avr8-gnu-toolchain/bin/../lib/gcc/avr/5.4.0/../../../../avr/lib/avr5\libc.a(memcpy.o)
 .data          0x00000000        0x0 d:/amit embedded/programs/7.0/toolchain/avr8/avr8-gnu-toolchain/bin/../lib/gcc/avr/5.4.0/../../../../avr/lib/avr5\libc.a(memcpy.o)
 .bss           0x00000000        0x0 d:/amit embedded/programs/7.0/toolchain/avr8/avr8-gnu-toolchain/bin/../lib/gcc/avr/5.4.0/../../../../avr/lib/avr5\libc.a(memcpy.o)
 .text          0x00000000        0x0 d:/amit embedded/programs/7.0/toolchain/avr8/avr8-gnu-toolchain/bin/../lib/gcc/avr/5.4.0/../../../../avr/lib/avr5\libc.a(memset.o)
 .data          0x00000000        0x0 d:/amit embedded/programs/7.0/toolchain/avr8/avr8-gnu-toolchain/bin/../lib/gcc/avr/5.4.0/../../../../avr/lib/avr5\libc.a(memset.o)
 .bss           0x00000000        0x0 d:/amit embedded/programs/7.0/toolchain/avr8/avr8-gnu-toolchain/bin/../lib/gcc/avr/5.4.0/../../../../avr/lib/avr5\libc.a(memset.o)
 .text          0x00000000        0x0 d:/amit embedded/programs/7.0/toolchain/avr8/avr8-gnu-toolchain/bin/../lib/gcc/avr/5.4.0/../../../../avr/lib/avr5\libc.a(itoa.o)
 .data          0x00000000        0x0 d:/amit embedded/programs/7.0/toolchain/avr8/avr8-gnu-toolchain/bin/../lib/gcc/avr/5.4.0/../../../../avr/lib/avr5\libc.a(itoa.o)
 .bss           0x00000000        0x0 d:/amit embedded/programs/7.0/toolchain/avr8/avr8-gnu-toolchain/bin/../lib/gcc/avr/5.4.0/../../../../avr/lib/avr5\libc.a(itoa.o)
 .text          0x00000000        0x0 d:/amit embedded/programs/7.0/toolchain/avr8/avr8-gnu-toolchain/bin/../lib/gcc/avr/5.4.0/../../../../avr/lib/avr5\libc.a(itoa_ncheck.o)
 .data          0x00000000        0x0 d:/amit embedded/programs/7.0/toolchain/avr8/avr8-gnu-toolchain/bin/../lib/gcc/avr/5.4.0/../../../../avr/lib/avr5\libc.a(itoa_ncheck.o)
 .bss           0x00000000        0x0 d:/amit embedded/programs/7.0/toolchain/avr8/avr8-gnu-toolchain/bin/../lib/gcc/avr/5.4.0/../../../../avr/lib/avr5\libc.a(itoa_ncheck.o)
 .text          0x00000000        0x0 d:/amit embedded/programs/7.0/toolchain/avr8/avr8-gnu-toolchain/bin/../lib/gcc/avr/5.4.0/../../../../avr/lib/avr5\libc.a(utoa_ncheck.o)
 .data          0x00000000        0x0 d:/amit embedded/programs/7.0/toolchain/avr8/avr8-gnu-toolchain/bin/../lib/gcc/avr/5.4.0/../../../../avr/lib/avr5\libc.a(utoa_ncheck.o)
 .bss           0x00000000        0x0 d:/amit embedded/programs/7.0/toolchain/avr8/avr8-gnu-toolchain/bin/../lib/gcc/avr/5.4.0/../../../../avr/lib/avr5\libc.a(utoa_ncheck.o)
 .text          0x00000000        0x0 d:/amit embedded/programs/7.0/toolchain/avr8/avr8-gnu-toolchain/bin/../lib/gcc/avr/5.4.0/../../../../avr/lib/avr5\libc.a(strrev.o)
 .data          0x00000000        0x0 d:/amit embedded/programs/7.0/toolchain/avr8/avr8-gnu-toolchain/bin/../lib/gcc/avr/5.4.0/../../../../avr/lib/avr5\libc.a(strrev.o)
 .bss           0x00000000        0x0 d:/amit embedded/programs/7.0/toolchain/avr8/avr8-gnu-toolchain/bin/../lib/gcc/avr/5.4.0/../../../../avr/lib/avr5\libc.a(strrev.o)

Memory Configuration

Name             Origin             Length             Attributes
text             0x00000000         0x00008000         xr
data             0x00800060         0x00000800         rw !x
eeprom           0x00810000         0x00000400         rw !x
fuse             0x00820000         0x00000002         rw !x
lock             0x00830000         0x00000400         rw !x
signature        0x00840000         0x00000400         rw !x
user_signatures  0x00850000         0x00000400         rw !x
*default*        0x00000000         0xffffffff

Linker script and memory map

LOAD D:/AMIT Embedded/Programs/7.0/Packs/atmel/ATmega_DFP/1.7.374/gcc/dev/atmega32/avr5/crtatmega32.o
LOAD adc.o
LOAD DCM.o
LOAD DEM.o
LOAD DEM_DCM_Cfg.o
LOAD main.o
LOAD gpio.o
LOAD lcd.o
LOAD lm_sensor.o
LOAD motor.o
LOAD pwm.o
START GROUP
LOAD d:/amit embedded/programs/7.0/toolchain/avr8/avr8-gnu-toolchain/bin/../lib/gcc/avr/5.4.0/../../../../avr/lib/avr5\libm.a
END GROUP
START GROUP
LOAD d:/amit embedded/programs/7.0/toolchain/avr8/avr8-gnu-toolchain/bin/../lib/gcc/avr/5.4.0/avr5\libgcc.a
LOAD d:/amit embedded/programs/7.0/toolchain/avr8/avr8-gnu-toolchain/bin/../lib/gcc/avr/5.4.0/../../../../avr/lib/avr5\libm.a
LOAD d:/amit embedded/programs/7.0/toolchain/avr8/avr8-gnu-toolchain/bin/../lib/gcc/avr/5.4.0/../../../../avr/lib/avr5\libc.a
LOAD D:/AMIT Embedded/Programs/7.0/Packs/atmel/ATmega_DFP/1.7.374/gcc/dev/atmega32/avr5\libatmega32.a
END GROUP
                0x00000000                __TEXT_REGION_ORIGIN__ = DEFINED (__TEXT_REGION_ORIGIN__)?__TEXT_REGION_ORIGIN__:0x0
                [0x00800060]                __DATA_REGION_ORIGIN__ = DEFINED (__DATA_REGION_ORIGIN__)?__DATA_REGION_ORIGIN__:0x800060
                [0x00008000]                __TEXT_REGION_LENGTH__ = DEFINED (__TEXT_REGION_LENGTH__)?__TEXT_REGION_LENGTH__:0x20000
                [0x00000800]                __DATA_REGION_LENGTH__ = DEFINED (__DATA_REGION_LENGTH__)?__DATA_REGION_LENGTH__:0xffa0
                [0x00000400]                __EEPROM_REGION_LENGTH__ = DEFINED (__EEPROM_REGION_LENGTH__)?__EEPROM_REGION_LENGTH__:0x10000
                [0x00000002]                __FUSE_REGION_LENGTH__ = DEFINED (__FUSE_REGION_LENGTH__)?__FUSE_REGION_LENGTH__:0x400
                0x00000400                __LOCK_REGION_LENGTH__ = DEFINED (__LOCK_REGION_LENGTH__)?__LOCK_REGION_LENGTH__:0x400
                0x00000400                __SIGNATURE_REGION_LENGTH__ = DEFINED (__SIGNATURE_REGION_LENGTH__)?__SIGNATURE_REGION_LENGTH__:0x400
                0x00000400                __USER_SIGNATURE_REGION_LENGTH__ = DEFINED (__USER_SIGNATURE_REGION_LENGTH__)?__USER_SIGNATURE_REGION_LENGTH__:0x400

.hash
 *(.hash)

.dynsym
 *(.dynsym)

.dynstr
 *(.dynstr)

.gnu.version
 *(.gnu.version)

.gnu.version_d
 *(.gnu.version_d)

.gnu.version_r
 *(.gnu.version_r)

.rel.init
 *(.rel.init)

.rela.init
 *(.rela.init)

.rel.text
 *(.rel.text)
 *(.rel.text.*)
 *(.rel.gnu.linkonce.t*)

.rela.text
 *(.rela.text)
 *(.rela.text.*)
 *(.rela.gnu.linkonce.t*)

.rel.fini
 *(.rel.fini)

.rela.fini
 *(.rela.fini)

.rel.rodata
 *(.rel.rodata)
 *(.rel.rodata.*)
 *(.rel.gnu.linkonce.r*)

.rela.rodata
 *(.rela.rodata)
 *(.rela.rodata.*)
 *(.rela.gnu.linkonce.r*)

.rel.data
 *(.rel.data)
 *(.rel.data.*)
 *(.rel.gnu.linkonce.d*)

.rela.data
 *(.rela.data)
 *(.rela.data.*)
 *(.rela.gnu.linkonce.d*)

.rel.ctors
 *(.rel.ctors)

.rela.ctors
 *(.rela.ctors)

.rel.dtors
 *(.rel.dtors)

.rela.dtors
 *(.rela.dtors)

.rel.got
 *(.rel.got)

.rela.got
 *(.rela.got)

.rel.bss
 *(.rel.bss)

.rela.bss
 *(.rela.bss)

.rel.plt
 *(.rel.plt)

.rela.plt
 *(.rela.plt)

.text           0x00000000     0x36bc
 *(.vectors)
 .vectors       0x00000000       0x54 D:/AMIT Embedded/Programs/7.0/Packs/atmel/ATmega_DFP/1.7.374/gcc/dev/atmega32/avr5/crtatmega32.o
                0x00000000                __vector_default
                0x00000000                __vectors
 *(.vectors)
 *(.progmem.gcc*)
 .progmem.gcc_sw_table.DspUdsReadDtcInformation
                0x00000054       0x2a DCM.o
                0x0000007e                . = ALIGN (0x2)
                0x0000007e                __trampolines_start = .
 *(.trampolines)
 .trampolines   0x0000007e        0x0 linker stubs
 *(.trampolines*)
                0x0000007e                __trampolines_end = .
 *libprintf_flt.a:*(.progmem.data)
 *libc.a:*(.progmem.data)
 *(.progmem*)
                0x0000007e                . = ALIGN (0x2)
 *(.jumptables)
 *(.jumptables*)
 *(.lowtext)
 *(.lowtext*)
                0x0000007e                __ctors_start = .
 *(.ctors)
                0x0000007e                __ctors_end = .
                0x0000007e                __dtors_start = .
 *(.dtors)
                0x0000007e                __dtors_end = .
 SORT(*)(.ctors)
 SORT(*)(.dtors)
 *(.init0)
 .init0         0x0000007e        0x0 D:/AMIT Embedded/Programs/7.0/Packs/atmel/ATmega_DFP/1.7.374/gcc/dev/atmega32/avr5/crtatmega32.o
                0x0000007e                __init
 *(.init0)
 *(.init1)
 *(.init1)
 *(.init2)
 .init2         0x0000007e        0xc D:/AMIT Embedded/Programs/7.0/Packs/atmel/ATmega_DFP/1.7.374/gcc/dev/atmega32/avr5/crtatmega32.o
 *(.init2)
 *(.init3)
 *(.init3)
 *(.init4)
 .init4         0x0000008a       0x16 d:/amit embedded/programs/7.0/toolchain/avr8/avr8-gnu-toolchain/bin/../lib/gcc/avr/5.4.0/avr5\libgcc.a(_copy_data.o)
                0x0000008a                __do_copy_data
 .init4         0x000000a0       0x10 d:/amit embedded/programs/7.0/toolchain/avr8/avr8-gnu-toolchain/bin/../lib/gcc/avr/5.4.0/avr5\libgcc.a(_clear_bss.o)
                0x000000a0                __do_clear_bss
 *(.init4)
 *(.init5)
 *(.init5)
 *(.init6)
 *(.init6)
 *(.init7)
 *(.init7)
 *(.init8)
 *(.init8)
 *(.init9)
 .init9         0x000000b0        0x8 D:/AMIT Embedded/Programs/7.0/Packs/atmel/ATmega_DFP/1.7.374/gcc/dev/atmega32/avr5/crtatmega32.o
 *(.init9)
 *(.text)
 .text          0x000000b8        0x4 D:/AMIT Embedded/Programs/7.0/Packs/atmel/ATmega_DFP/1.7.374/gcc/dev/atmega32/avr5/crtatmega32.o
                0x000000b8                __vector_1
                0x000000b8                __vector_12
                0x000000b8                __bad_interrupt
                0x000000b8                __vector_6
                0x000000b8                __vector_3
                0x000000b8                __vector_11
                0x000000b8                __vector_13
                0x000000b8                __vector_17
                0x000000b8                __vector_19
                0x000000b8                __vector_7
                0x000000b8                __vector_5
                0x000000b8                __vector_4
                0x000000b8                __vector_9
                0x000000b8                __vector_2
                0x000000b8                __vector_15
                0x000000b8                __vector_8
                0x000000b8                __vector_14
                0x000000b8                __vector_10
                0x000000b8                __vector_16
                0x000000b8                __vector_18
                0x000000b8                __vector_20
                0x000000bc                . = ALIGN (0x2)
 *(.text.*)
 .text.ADC_init
                0x000000bc       0x2e adc.o
                0x000000bc                ADC_init
 .text.ADC_readChannel
                0x000000ea       0x24 adc.o
                0x000000ea                ADC_readChannel
 .text.udsReportDtc
                0x0000010e        0xa DCM.o
 .text.udsReadDtcInfoSub_0x06_0x10
                0x00000118      0x1b4 DCM.o
 .text.udsReadDtcInfoSub_0x03
                0x000002cc      0x152 DCM.o
 .text.udsReadDtcInfoSub_0x02_0x0A_0x0F_0x13_0x15
                0x0000041e      0x118 DCM.o
                0x0000041e                udsReadDtcInfoSub_0x02_0x0A_0x0F_0x13_0x15
 .text.udsReadDtcInfoSub_0x04
                0x00000536      0x274 DCM.o
                0x00000536                udsReadDtcInfoSub_0x04
 .text.DspUdsReadDtcInformation
                0x000007aa       0x6e DCM.o
                0x000007aa                DspUdsReadDtcInformation
 .text.calcChecksum
                0x00000818       0x2c DEM.o
 .text.checkDtcGroup
                0x00000844       0x44 DEM.o
 .text.lookupEventStatusRec
                0x00000888       0x58 DEM.o
 .text.lookupEventIdParameter
                0x000008e0       0x62 DEM.o
 .text.checkEntryValid
                0x00000942       0x78 DEM.o
 .text.preDebounceNone
                0x000009ba        0x2 DEM.o
 .text.preDebounceCounterBased
                0x000009bc       0xd2 DEM.o
 .text.faultConfirmationCriteriaFulfilled
                0x00000a8e       0x1e DEM.o
 .text.handleFaultConfirmation
                0x00000aac       0x2a DEM.o
 .text.mergeEventStatusRec
                0x00000ad6       0xe4 DEM.o
 .text.lookupDtcEvent
                0x00000bba       0x90 DEM.o
 .text.matchEventWithDtcFilter
                0x00000c4a       0x24 DEM.o
 .text.retrieveEventStatusBit
                0x00000c6e       0xa4 DEM.o
 .text.updateFreezeFrameOccurrencePreInit
                0x00000d12       0x58 DEM.o
 .text.initCurrentFreezeFrameTimeStamp
                0x00000d6a       0xda DEM.o
 .text.storeEventPriMem
                0x00000e44       0xec DEM.o
 .text.storeEventEvtMem
                0x00000f30       0x4a DEM.o
 .text.getExtendedDataPriMem
                0x00000f7a       0xd8 DEM.o
 .text.lookupExtendedDataRecNumParam
                0x00001052       0xac DEM.o
 .text.lookupExtendedDataPriMem
                0x000010fe       0x70 DEM.o
 .text.lookupFreezeFrameDataRecNumParam
                0x0000116e       0x54 DEM.o
 .text.lookupFreezeFrameDataSize
                0x000011c2       0xac DEM.o
 .text.lookupFreezeFrameDataPriMem
                0x0000126e       0x76 DEM.o
 .text.setOperationCycleState
                0x000012e4      0x118 DEM.o
 .text.getDidData
                0x000013fc      0x1d4 DEM.o
 .text.getFreezeFrameData
                0x000015d0      0x190 DEM.o
 .text.mergeExtendedDataEvtMem
                0x00001760      0x1a4 DEM.o
 .text.bubbleSort
                0x00001904       0xe0 DEM.o
 .text.lookupFreezeFrameForDisplacement
                0x000019e4       0x72 DEM.o
 .text.storeFreezeFrameDataPriMem
                0x00001a56      0x110 DEM.o
 .text.storeFreezeFrameDataEvtMem
                0x00001b66       0x54 DEM.o
 .text.updateEventStatusRec
                0x00001bba      0x1ae DEM.o
 .text.handleEvent
                0x00001d68      0x118 DEM.o
 .text.getEventStatusRec
                0x00001e80       0x44 DEM.o
 .text.getInternalElement
                0x00001ec4       0x74 DEM.o
 .text.Dem_PreInit
                0x00001f38      0x1b0 DEM.o
                0x00001f38                Dem_PreInit
 .text.Dem_Init
                0x000020e8      0x27e DEM.o
                0x000020e8                Dem_Init
 .text.Dem_SetEventStatus
                0x00002366       0x16 DEM.o
                0x00002366                Dem_SetEventStatus
 .text.Dem_SetOperationCycleState
                0x0000237c       0x12 DEM.o
                0x0000237c                Dem_SetOperationCycleState
 .text.Dem_GetDTCStatusAvailabilityMask
                0x0000238e        0xa DEM.o
                0x0000238e                Dem_GetDTCStatusAvailabilityMask
 .text.Dem_SetDTCFilter
                0x00002398       0x40 DEM.o
                0x00002398                Dem_SetDTCFilter
 .text.Dem_GetStatusOfDTC
                0x000023d8       0x48 DEM.o
                0x000023d8                Dem_GetStatusOfDTC
 .text.Dem_GetNextFilteredDTC
                0x00002420       0xd4 DEM.o
                0x00002420                Dem_GetNextFilteredDTC
 .text.Dem_GetExtendedDataRecordByDTC
                0x000024f4      0x15a DEM.o
                0x000024f4                Dem_GetExtendedDataRecordByDTC
 .text.Dem_GetFreezeFrameDataByDTC
                0x0000264e       0xe2 DEM.o
                0x0000264e                Dem_GetFreezeFrameDataByDTC
 .text.Dem_SetDTCFilterForRecords
                0x00002730       0xa0 DEM.o
                0x00002730                Dem_SetDTCFilterForRecords
 .text.Dem_GetNextFilteredRecord
                0x000027d0       0xf0 DEM.o
                0x000027d0                Dem_GetNextFilteredRecord
 .text.GetReadDataLength
                0x000028c0        0xe DEM_DCM_Cfg.o
                0x000028c0                GetReadDataLength
 .text.MyDidConditionCheckRead
                0x000028ce        0x8 DEM_DCM_Cfg.o
                0x000028ce                MyDidConditionCheckRead
 .text.ReadTMP  0x000028d6       0x14 DEM_DCM_Cfg.o
                0x000028d6                ReadTMP
 .text.ReadRPM  0x000028ea        0xa DEM_DCM_Cfg.o
                0x000028ea                ReadRPM
 .text.ReadAllParameters
                0x000028f4       0x3a DEM_DCM_Cfg.o
                0x000028f4                ReadAllParameters
 .text.main     0x0000292e      0x502 main.o
                0x0000292e                main
 .text.GPIO_setupPinDirection
                0x00002e30       0xe6 gpio.o
                0x00002e30                GPIO_setupPinDirection
 .text.GPIO_writePin
                0x00002f16       0xe6 gpio.o
                0x00002f16                GPIO_writePin
 .text.GPIO_readPin
                0x00002ffc       0x8c gpio.o
                0x00002ffc                GPIO_readPin
 .text.GPIO_setupPortDirection
                0x00003088       0x24 gpio.o
                0x00003088                GPIO_setupPortDirection
 .text.GPIO_writePort
                0x000030ac       0x24 gpio.o
                0x000030ac                GPIO_writePort
 .text.LCD_sendCommand
                0x000030d0       0x5e lcd.o
                0x000030d0                LCD_sendCommand
 .text.LCD_init
                0x0000312e       0x3c lcd.o
                0x0000312e                LCD_init
 .text.LCD_displayCharacter
                0x0000316a       0x5e lcd.o
                0x0000316a                LCD_displayCharacter
 .text.LCD_displayString
                0x000031c8       0x26 lcd.o
                0x000031c8                LCD_displayString
 .text.LCD_moveCursor
                0x000031ee       0x2e lcd.o
                0x000031ee                LCD_moveCursor
 .text.LCD_intgerToString
                0x0000321c       0x3c lcd.o
                0x0000321c                LCD_intgerToString
 .text.LM35_getTemperature
                0x00003258       0x34 lm_sensor.o
                0x00003258                LM35_getTemperature
 .text.DcMotor_Init
                0x0000328c       0x2a motor.o
                0x0000328c                DcMotor_Init
 .text.avr-libc.fplib
                0x000032b6        0x8 d:/amit embedded/programs/7.0/toolchain/avr8/avr8-gnu-toolchain/bin/../lib/gcc/avr/5.4.0/../../../../avr/lib/avr5\libm.a(divsf3.o)
                0x000032b6                __divsf3
 .text.avr-libc.fplib
                0x000032be       0xdc d:/amit embedded/programs/7.0/toolchain/avr8/avr8-gnu-toolchain/bin/../lib/gcc/avr/5.4.0/../../../../avr/lib/avr5\libm.a(divsf3x.o)
                0x000032de                __divsf3x
                0x000032e4                __divsf3_pse
 .text.avr-libc.fplib
                0x0000339a       0x5e d:/amit embedded/programs/7.0/toolchain/avr8/avr8-gnu-toolchain/bin/../lib/gcc/avr/5.4.0/../../../../avr/lib/avr5\libm.a(fixunssfsi.o)
                0x0000339a                __fixunssfsi
 .text.avr-libc.fplib
                0x000033f8       0x7a d:/amit embedded/programs/7.0/toolchain/avr8/avr8-gnu-toolchain/bin/../lib/gcc/avr/5.4.0/../../../../avr/lib/avr5\libm.a(floatsisf.o)
                0x000033f8                __floatunsisf
                0x000033fc                __floatsisf
 .text.avr-libc.fplib
                0x00003472        0xc d:/amit embedded/programs/7.0/toolchain/avr8/avr8-gnu-toolchain/bin/../lib/gcc/avr/5.4.0/../../../../avr/lib/avr5\libm.a(fp_inf.o)
                0x00003472                __fp_inf
 .text.avr-libc.fplib
                0x0000347e        0x6 d:/amit embedded/programs/7.0/toolchain/avr8/avr8-gnu-toolchain/bin/../lib/gcc/avr/5.4.0/../../../../avr/lib/avr5\libm.a(fp_nan.o)
                0x0000347e                __fp_nan
 .text.avr-libc.fplib
                0x00003484        0xe d:/amit embedded/programs/7.0/toolchain/avr8/avr8-gnu-toolchain/bin/../lib/gcc/avr/5.4.0/../../../../avr/lib/avr5\libm.a(fp_pscA.o)
                0x00003484                __fp_pscA
 .text.avr-libc.fplib
                0x00003492        0xe d:/amit embedded/programs/7.0/toolchain/avr8/avr8-gnu-toolchain/bin/../lib/gcc/avr/5.4.0/../../../../avr/lib/avr5\libm.a(fp_pscB.o)
                0x00003492                __fp_pscB
 .text.avr-libc.fplib
                0x000034a0       0x22 d:/amit embedded/programs/7.0/toolchain/avr8/avr8-gnu-toolchain/bin/../lib/gcc/avr/5.4.0/../../../../avr/lib/avr5\libm.a(fp_round.o)
                0x000034a0                __fp_round
 .text.avr-libc.fplib
                0x000034c2       0x44 d:/amit embedded/programs/7.0/toolchain/avr8/avr8-gnu-toolchain/bin/../lib/gcc/avr/5.4.0/../../../../avr/lib/avr5\libm.a(fp_split3.o)
                0x000034c2                __fp_split3
                0x000034d2                __fp_splitA
 .text.avr-libc.fplib
                0x00003506        0xe d:/amit embedded/programs/7.0/toolchain/avr8/avr8-gnu-toolchain/bin/../lib/gcc/avr/5.4.0/../../../../avr/lib/avr5\libm.a(fp_zero.o)
                0x00003506                __fp_zero
                0x00003508                __fp_szero
 .text.avr-libc.fplib
                0x00003514        0x8 d:/amit embedded/programs/7.0/toolchain/avr8/avr8-gnu-toolchain/bin/../lib/gcc/avr/5.4.0/../../../../avr/lib/avr5\libm.a(mulsf3.o)
                0x00003514                __mulsf3
 .text.avr-libc.fplib
                0x0000351c       0xd2 d:/amit embedded/programs/7.0/toolchain/avr8/avr8-gnu-toolchain/bin/../lib/gcc/avr/5.4.0/../../../../avr/lib/avr5\libm.a(mulsf3x.o)
                0x0000353a                __mulsf3x
                0x00003540                __mulsf3_pse
 .text.libgcc   0x000035ee        0xc d:/amit embedded/programs/7.0/toolchain/avr8/avr8-gnu-toolchain/bin/../lib/gcc/avr/5.4.0/avr5\libgcc.a(_tablejump2.o)
                0x000035ee                __tablejump2__
 .text.libgcc.mul
                0x000035fa       0x1e d:/amit embedded/programs/7.0/toolchain/avr8/avr8-gnu-toolchain/bin/../lib/gcc/avr/5.4.0/avr5\libgcc.a(_umulhisi3.o)
                0x000035fa                __umulhisi3
 .text.avr-libc
                0x00003618       0x12 d:/amit embedded/programs/7.0/toolchain/avr8/avr8-gnu-toolchain/bin/../lib/gcc/avr/5.4.0/../../../../avr/lib/avr5\libc.a(memcpy.o)
                0x00003618                memcpy
 .text.avr-libc
                0x0000362a        0xe d:/amit embedded/programs/7.0/toolchain/avr8/avr8-gnu-toolchain/bin/../lib/gcc/avr/5.4.0/../../../../avr/lib/avr5\libc.a(memset.o)
                0x0000362a                memset
 .text.avr-libc
                0x00003638       0x16 d:/amit embedded/programs/7.0/toolchain/avr8/avr8-gnu-toolchain/bin/../lib/gcc/avr/5.4.0/../../../../avr/lib/avr5\libc.a(itoa.o)
                0x00003638                __itoa
                0x00003638                itoa
 .text.avr-libc
                0x0000364e       0x16 d:/amit embedded/programs/7.0/toolchain/avr8/avr8-gnu-toolchain/bin/../lib/gcc/avr/5.4.0/../../../../avr/lib/avr5\libc.a(itoa_ncheck.o)
                0x0000364e                __itoa_ncheck
 .text.avr-libc
                0x00003664       0x34 d:/amit embedded/programs/7.0/toolchain/avr8/avr8-gnu-toolchain/bin/../lib/gcc/avr/5.4.0/../../../../avr/lib/avr5\libc.a(utoa_ncheck.o)
                0x00003664                __utoa_ncheck
                0x00003666                __utoa_common
 .text.avr-libc
                0x00003698       0x20 d:/amit embedded/programs/7.0/toolchain/avr8/avr8-gnu-toolchain/bin/../lib/gcc/avr/5.4.0/../../../../avr/lib/avr5\libc.a(strrev.o)
                0x00003698                strrev
                0x000036b8                . = ALIGN (0x2)
 *(.fini9)
 .fini9         0x000036b8        0x0 d:/amit embedded/programs/7.0/toolchain/avr8/avr8-gnu-toolchain/bin/../lib/gcc/avr/5.4.0/avr5\libgcc.a(_exit.o)
                0x000036b8                _exit
                0x000036b8                exit
 *(.fini9)
 *(.fini8)
 *(.fini8)
 *(.fini7)
 *(.fini7)
 *(.fini6)
 *(.fini6)
 *(.fini5)
 *(.fini5)
 *(.fini4)
 *(.fini4)
 *(.fini3)
 *(.fini3)
 *(.fini2)
 *(.fini2)
 *(.fini1)
 *(.fini1)
 *(.fini0)
 .fini0         0x000036b8        0x4 d:/amit embedded/programs/7.0/toolchain/avr8/avr8-gnu-toolchain/bin/../lib/gcc/avr/5.4.0/avr5\libgcc.a(_exit.o)
 *(.fini0)
                0x000036bc                _etext = .

.data           0x00800060       0xc8 load address 0x000036bc
                0x00800060                PROVIDE (__data_start, .)
 *(.data)
 *(.data*)
 .data.FreezeFrame_Oil
                0x00800060        0x6 DEM_DCM_Cfg.o
                0x00800060                FreezeFrame_Oil
 .data.FreezeFrame_Engine
                0x00800066        0x6 DEM_DCM_Cfg.o
                0x00800066                FreezeFrame_Engine
 .data.Did_Brakes
                0x0080006c        0x4 DEM_DCM_Cfg.o
                0x0080006c                Did_Brakes
 .data.Did_Oil  0x00800070        0x4 DEM_DCM_Cfg.o
                0x00800070                Did_Oil
 .data.Did_Engine
                0x00800074        0x4 DEM_DCM_Cfg.o
                0x00800074                Did_Engine
 .data.ExtendedData_Oil
                0x00800078        0x2 DEM_DCM_Cfg.o
                0x00800078                ExtendedData_Oil
 .data.ExtendedData_Engine
                0x0080007a        0x2 DEM_DCM_Cfg.o
                0x0080007a                ExtendedData_Engine
 *(.gnu.linkonce.d*)
 *(.rodata)
 *(.rodata*)
 .rodata.DataLength.2358
                0x0080007c       0x16 DCM.o
 .rodata.DEM_Config
                0x00800092        0x2 DEM_DCM_Cfg.o
                0x00800092                DEM_Config
 .rodata.DemConfigSet
                0x00800094        0x2 DEM_DCM_Cfg.o
                0x00800094                DemConfigSet
 .rodata.DemEventParameters
                0x00800096       0x1c DEM_DCM_Cfg.o
                0x00800096                DemEventParameters
 .rodata.DTCClassTypes
                0x008000b2        0xc DEM_DCM_Cfg.o
 .rodata.FreezeFrameClasses
                0x008000be        0xf DEM_DCM_Cfg.o
 .rodata.DidTypes
                0x008000cd       0x1e DEM_DCM_Cfg.o
 .rodata.ExtendedDataRecordClasses
                0x008000eb       0x18 DEM_DCM_Cfg.o
 .rodata.EventClassTypes
                0x00800103       0x1e DEM_DCM_Cfg.o
 .rodata.DebounceAlgorithm
                0x00800121        0x3 DEM_DCM_Cfg.o
                0x00800121                DebounceAlgorithm
 .rodata.preDebounceCounter
                0x00800124        0x4 DEM_DCM_Cfg.o
                0x00800124                preDebounceCounter
 *(.gnu.linkonce.r*)
                0x00800128                . = ALIGN (0x2)
                0x00800128                _edata = .
                0x00800128                PROVIDE (__data_end, .)

.bss            0x00800128      0x4bf
                0x00800128                PROVIDE (__bss_start, .)
 *(.bss)
 *(.bss*)
 .bss.lastIndex.2467
                0x00800128        0x2 DEM.o
 .bss.FFRecordFilterIndex
                0x0080012a        0x2 DEM.o
 .bss.FF_TimeStamp
                0x0080012c        0x4 DEM.o
 .bss.priMemFreezeFrameBuffer
                0x00800130       0x66 DEM.o
 .bss.preInitExtDataBuffer
                0x00800196      0x118 DEM.o
 .bss.preInitFreezeFrameBuffer
                0x008002ae      0x2a8 DEM.o
 .bss.eventStatusBuffer
                0x00800556       0x21 DEM.o
 .bss.operationCycleStateList
                0x00800577        0x5 DEM.o
 .bss.disableDtcStorage
                0x0080057c        0x5 DEM.o
 .bss.dtcFilter
                0x00800581        0x5 DEM.o
 .bss.configSet
                0x00800586        0x2 DEM.o
 .bss.demState  0x00800588        0x1 DEM.o
 *(COMMON)
 COMMON         0x00800589       0x5e DEM.o
                0x00800589                priMemExtDataBuffer
                0x008005cf                priMemEventBuffer
                0x008005e7                PROVIDE (__bss_end, .)
                0x000036bc                __data_load_start = LOADADDR (.data)
                0x00003784                __data_load_end = (__data_load_start + SIZEOF (.data))

.noinit         0x008005e7        0x0
                [!provide]                PROVIDE (__noinit_start, .)
 *(.noinit*)
                [!provide]                PROVIDE (__noinit_end, .)
                0x008005e7                _end = .
                [!provide]                PROVIDE (__heap_start, .)

.eeprom         0x00810000        0x0
 *(.eeprom*)
                0x00810000                __eeprom_end = .

.fuse
 *(.fuse)
 *(.lfuse)
 *(.hfuse)
 *(.efuse)

.lock
 *(.lock*)

.signature
 *(.signature*)

.user_signatures
 *(.user_signatures*)

.stab
 *(.stab)

.stabstr
 *(.stabstr)

.stab.excl
 *(.stab.excl)

.stab.exclstr
 *(.stab.exclstr)

.stab.index
 *(.stab.index)

.stab.indexstr
 *(.stab.indexstr)

.comment        0x00000000       0x30
 *(.comment)
 .comment       0x00000000       0x30 adc.o
                                 0x31 (size before relaxing)
 .comment       0x00000030       0x31 DCM.o
 .comment       0x00000030       0x31 DEM.o
 .comment       0x00000030       0x31 DEM_DCM_Cfg.o
 .comment       0x00000030       0x31 main.o
 .comment       0x00000030       0x31 gpio.o
 .comment       0x00000030       0x31 lcd.o
 .comment       0x00000030       0x31 lm_sensor.o
 .comment       0x00000030       0x31 motor.o

.note.gnu.avr.deviceinfo
                0x00000000       0x3c
 .note.gnu.avr.deviceinfo
                0x00000000       0x3c D:/AMIT Embedded/Programs/7.0/Packs/atmel/ATmega_DFP/1.7.374/gcc/dev/atmega32/avr5/crtatmega32.o

.note.gnu.build-id
 *(.note.gnu.build-id)

.debug
 *(.debug)

.line
 *(.line)

.debug_srcinfo
 *(.debug_srcinfo)

.debug_sfnames
 *(.debug_sfnames)

.debug_aranges  0x00000000      0x450
 *(.debug_aranges)
 .debug_aranges
                0x00000000       0x28 adc.o
 .debug_aranges
                0x00000028       0x48 DCM.o
 .debug_aranges
                0x00000070      0x298 DEM.o
 .debug_aranges
                0x00000308       0x40 DEM_DCM_Cfg.o
 .debug_aranges
                0x00000348       0x20 main.o
 .debug_aranges
                0x00000368       0x48 gpio.o
 .debug_aranges
                0x000003b0       0x58 lcd.o
 .debug_aranges
                0x00000408       0x20 lm_sensor.o
 .debug_aranges
                0x00000428       0x28 motor.o

.debug_pubnames
 *(.debug_pubnames)

.debug_info     0x00000000     0x6e99
 *(.debug_info .gnu.linkonce.wi.*)
 .debug_info    0x00000000      0x4e6 D:/AMIT Embedded/Programs/7.0/Packs/atmel/ATmega_DFP/1.7.374/gcc/dev/atmega32/avr5/crtatmega32.o
 .debug_info    0x000004e6      0x1ab adc.o
 .debug_info    0x00000691      0xe0a DCM.o
 .debug_info    0x0000149b     0x3782 DEM.o
 .debug_info    0x00004c1d      0x9df DEM_DCM_Cfg.o
 .debug_info    0x000055fc      0xc6b main.o
 .debug_info    0x00006267      0x257 gpio.o
 .debug_info    0x000064be      0x6fd lcd.o
 .debug_info    0x00006bbb       0xf1 lm_sensor.o
 .debug_info    0x00006cac      0x1ed motor.o

.debug_abbrev   0x00000000     0x12a1
 *(.debug_abbrev)
 .debug_abbrev  0x00000000      0x4a3 D:/AMIT Embedded/Programs/7.0/Packs/atmel/ATmega_DFP/1.7.374/gcc/dev/atmega32/avr5/crtatmega32.o
 .debug_abbrev  0x000004a3       0xc0 adc.o
 .debug_abbrev  0x00000563      0x244 DCM.o
 .debug_abbrev  0x000007a7      0x409 DEM.o
 .debug_abbrev  0x00000bb0      0x1a9 DEM_DCM_Cfg.o
 .debug_abbrev  0x00000d59      0x12b main.o
 .debug_abbrev  0x00000e84      0x115 gpio.o
 .debug_abbrev  0x00000f99      0x1b3 lcd.o
 .debug_abbrev  0x0000114c       0x82 lm_sensor.o
 .debug_abbrev  0x000011ce       0xd3 motor.o

.debug_line     0x00000000     0x34ff
 *(.debug_line .debug_line.* .debug_line_end)
 .debug_line    0x00000000      0x116 D:/AMIT Embedded/Programs/7.0/Packs/atmel/ATmega_DFP/1.7.374/gcc/dev/atmega32/avr5/crtatmega32.o
 .debug_line    0x00000116      0x104 adc.o
 .debug_line    0x0000021a      0x4da DCM.o
 .debug_line    0x000006f4     0x225d DEM.o
 .debug_line    0x00002951      0x123 DEM_DCM_Cfg.o
 .debug_line    0x00002a74      0x3d8 main.o
 .debug_line    0x00002e4c      0x2df gpio.o
 .debug_line    0x0000312b      0x2cb lcd.o
 .debug_line    0x000033f6       0x68 lm_sensor.o
 .debug_line    0x0000345e       0xa1 motor.o

.debug_frame    0x00000000     0x1004
 *(.debug_frame)
 .debug_frame   0x00000000       0x34 adc.o
 .debug_frame   0x00000034      0x1a4 DCM.o
 .debug_frame   0x000001d8      0xbc8 DEM.o
 .debug_frame   0x00000da0       0x8c DEM_DCM_Cfg.o
 .debug_frame   0x00000e2c       0x34 main.o
 .debug_frame   0x00000e60       0x74 gpio.o
 .debug_frame   0x00000ed4       0xd0 lcd.o
 .debug_frame   0x00000fa4       0x24 lm_sensor.o
 .debug_frame   0x00000fc8       0x3c motor.o

.debug_str      0x00000000     0x2302
 *(.debug_str)
 .debug_str     0x00000000      0x196 D:/AMIT Embedded/Programs/7.0/Packs/atmel/ATmega_DFP/1.7.374/gcc/dev/atmega32/avr5/crtatmega32.o
 .debug_str     0x00000196      0x236 adc.o
                                0x26a (size before relaxing)
 .debug_str     0x000003cc      0xaf4 DCM.o
                                0xcb3 (size before relaxing)
 .debug_str     0x00000ec0      0xfec DEM.o
                               0x19f4 (size before relaxing)
 .debug_str     0x00001eac      0x1a5 DEM_DCM_Cfg.o
                                0xa7e (size before relaxing)
 .debug_str     0x00002051       0xaf main.o
                                0x4a8 (size before relaxing)
 .debug_str     0x00002100       0xb8 gpio.o
                                0x275 (size before relaxing)
 .debug_str     0x000021b8       0xd6 lcd.o
                                0x302 (size before relaxing)
 .debug_str     0x0000228e       0x26 lm_sensor.o
                                0x1ce (size before relaxing)
 .debug_str     0x000022b4       0x4e motor.o
                                0x220 (size before relaxing)

.debug_loc      0x00000000     0x67d6
 *(.debug_loc)
 .debug_loc     0x00000000       0x56 adc.o
 .debug_loc     0x00000056      0xddf DCM.o
 .debug_loc     0x00000e35     0x4d29 DEM.o
 .debug_loc     0x00005b5e      0x1cf DEM_DCM_Cfg.o
 .debug_loc     0x00005d2d      0x130 main.o
 .debug_loc     0x00005e5d      0x38f gpio.o
 .debug_loc     0x000061ec      0x52d lcd.o
 .debug_loc     0x00006719       0x43 lm_sensor.o
 .debug_loc     0x0000675c       0x7a motor.o

.debug_macinfo
 *(.debug_macinfo)

.debug_weaknames
 *(.debug_weaknames)

.debug_funcnames
 *(.debug_funcnames)

.debug_typenames
 *(.debug_typenames)

.debug_varnames
 *(.debug_varnames)

.debug_pubtypes
 *(.debug_pubtypes)

.debug_ranges   0x00000000      0x4a0
 *(.debug_ranges)
 .debug_ranges  0x00000000       0x18 adc.o
 .debug_ranges  0x00000018       0x70 DCM.o
 .debug_ranges  0x00000088      0x330 DEM.o
 .debug_ranges  0x000003b8       0x30 DEM_DCM_Cfg.o
 .debug_ranges  0x000003e8       0x10 main.o
 .debug_ranges  0x000003f8       0x38 gpio.o
 .debug_ranges  0x00000430       0x48 lcd.o
 .debug_ranges  0x00000478       0x10 lm_sensor.o
 .debug_ranges  0x00000488       0x18 motor.o

.debug_macro
 *(.debug_macro)
OUTPUT(GccApplication1.elf elf32-avr)
LOAD linker stubs
